Archive member included to satisfy reference by file (symbol)

/home/sidharth/gcc-arm-none-eabi-9-2020-q2-update/bin/../lib/gcc/arm-none-eabi/9.3.1/../../../../arm-none-eabi/lib/thumb/v7e-m/nofp/libm.a(lib_a-s_ceil.o)
                              ./grbl/grbl-master/limits.o (ceil)
/home/sidharth/gcc-arm-none-eabi-9-2020-q2-update/bin/../lib/gcc/arm-none-eabi/9.3.1/../../../../arm-none-eabi/lib/thumb/v7e-m/nofp/libm.a(lib_a-s_cos.o)
                              ./grbl/grbl-master/motion_control.o (cos)
/home/sidharth/gcc-arm-none-eabi-9-2020-q2-update/bin/../lib/gcc/arm-none-eabi/9.3.1/../../../../arm-none-eabi/lib/thumb/v7e-m/nofp/libm.a(lib_a-s_floor.o)
                              ./grbl/grbl-master/motion_control.o (floor)
/home/sidharth/gcc-arm-none-eabi-9-2020-q2-update/bin/../lib/gcc/arm-none-eabi/9.3.1/../../../../arm-none-eabi/lib/thumb/v7e-m/nofp/libm.a(lib_a-s_lround.o)
                              ./grbl/grbl-master/limits.o (lround)
/home/sidharth/gcc-arm-none-eabi-9-2020-q2-update/bin/../lib/gcc/arm-none-eabi/9.3.1/../../../../arm-none-eabi/lib/thumb/v7e-m/nofp/libm.a(lib_a-s_round.o)
                              ./grbl/grbl-master/settings.o (round)
/home/sidharth/gcc-arm-none-eabi-9-2020-q2-update/bin/../lib/gcc/arm-none-eabi/9.3.1/../../../../arm-none-eabi/lib/thumb/v7e-m/nofp/libm.a(lib_a-s_sin.o)
                              ./grbl/grbl-master/motion_control.o (sin)
/home/sidharth/gcc-arm-none-eabi-9-2020-q2-update/bin/../lib/gcc/arm-none-eabi/9.3.1/../../../../arm-none-eabi/lib/thumb/v7e-m/nofp/libm.a(lib_a-s_trunc.o)
                              ./grbl/grbl-master/gcode.o (trunc)
/home/sidharth/gcc-arm-none-eabi-9-2020-q2-update/bin/../lib/gcc/arm-none-eabi/9.3.1/../../../../arm-none-eabi/lib/thumb/v7e-m/nofp/libm.a(lib_a-w_atan2.o)
                              ./grbl/grbl-master/motion_control.o (atan2)
/home/sidharth/gcc-arm-none-eabi-9-2020-q2-update/bin/../lib/gcc/arm-none-eabi/9.3.1/../../../../arm-none-eabi/lib/thumb/v7e-m/nofp/libm.a(lib_a-w_hypot.o)
                              ./grbl/grbl-master/gcode.o (hypot)
/home/sidharth/gcc-arm-none-eabi-9-2020-q2-update/bin/../lib/gcc/arm-none-eabi/9.3.1/../../../../arm-none-eabi/lib/thumb/v7e-m/nofp/libm.a(lib_a-w_sqrt.o)
                              ./grbl/grbl-master/gcode.o (sqrt)
/home/sidharth/gcc-arm-none-eabi-9-2020-q2-update/bin/../lib/gcc/arm-none-eabi/9.3.1/../../../../arm-none-eabi/lib/thumb/v7e-m/nofp/libm.a(lib_a-e_atan2.o)
                              /home/sidharth/gcc-arm-none-eabi-9-2020-q2-update/bin/../lib/gcc/arm-none-eabi/9.3.1/../../../../arm-none-eabi/lib/thumb/v7e-m/nofp/libm.a(lib_a-w_atan2.o) (__ieee754_atan2)
/home/sidharth/gcc-arm-none-eabi-9-2020-q2-update/bin/../lib/gcc/arm-none-eabi/9.3.1/../../../../arm-none-eabi/lib/thumb/v7e-m/nofp/libm.a(lib_a-e_hypot.o)
                              /home/sidharth/gcc-arm-none-eabi-9-2020-q2-update/bin/../lib/gcc/arm-none-eabi/9.3.1/../../../../arm-none-eabi/lib/thumb/v7e-m/nofp/libm.a(lib_a-w_hypot.o) (__ieee754_hypot)
/home/sidharth/gcc-arm-none-eabi-9-2020-q2-update/bin/../lib/gcc/arm-none-eabi/9.3.1/../../../../arm-none-eabi/lib/thumb/v7e-m/nofp/libm.a(lib_a-e_rem_pio2.o)
                              /home/sidharth/gcc-arm-none-eabi-9-2020-q2-update/bin/../lib/gcc/arm-none-eabi/9.3.1/../../../../arm-none-eabi/lib/thumb/v7e-m/nofp/libm.a(lib_a-s_cos.o) (__ieee754_rem_pio2)
/home/sidharth/gcc-arm-none-eabi-9-2020-q2-update/bin/../lib/gcc/arm-none-eabi/9.3.1/../../../../arm-none-eabi/lib/thumb/v7e-m/nofp/libm.a(lib_a-e_sqrt.o)
                              /home/sidharth/gcc-arm-none-eabi-9-2020-q2-update/bin/../lib/gcc/arm-none-eabi/9.3.1/../../../../arm-none-eabi/lib/thumb/v7e-m/nofp/libm.a(lib_a-w_sqrt.o) (__ieee754_sqrt)
/home/sidharth/gcc-arm-none-eabi-9-2020-q2-update/bin/../lib/gcc/arm-none-eabi/9.3.1/../../../../arm-none-eabi/lib/thumb/v7e-m/nofp/libm.a(lib_a-k_cos.o)
                              /home/sidharth/gcc-arm-none-eabi-9-2020-q2-update/bin/../lib/gcc/arm-none-eabi/9.3.1/../../../../arm-none-eabi/lib/thumb/v7e-m/nofp/libm.a(lib_a-s_cos.o) (__kernel_cos)
/home/sidharth/gcc-arm-none-eabi-9-2020-q2-update/bin/../lib/gcc/arm-none-eabi/9.3.1/../../../../arm-none-eabi/lib/thumb/v7e-m/nofp/libm.a(lib_a-k_rem_pio2.o)
                              /home/sidharth/gcc-arm-none-eabi-9-2020-q2-update/bin/../lib/gcc/arm-none-eabi/9.3.1/../../../../arm-none-eabi/lib/thumb/v7e-m/nofp/libm.a(lib_a-e_rem_pio2.o) (__kernel_rem_pio2)
/home/sidharth/gcc-arm-none-eabi-9-2020-q2-update/bin/../lib/gcc/arm-none-eabi/9.3.1/../../../../arm-none-eabi/lib/thumb/v7e-m/nofp/libm.a(lib_a-k_sin.o)
                              /home/sidharth/gcc-arm-none-eabi-9-2020-q2-update/bin/../lib/gcc/arm-none-eabi/9.3.1/../../../../arm-none-eabi/lib/thumb/v7e-m/nofp/libm.a(lib_a-s_cos.o) (__kernel_sin)
/home/sidharth/gcc-arm-none-eabi-9-2020-q2-update/bin/../lib/gcc/arm-none-eabi/9.3.1/../../../../arm-none-eabi/lib/thumb/v7e-m/nofp/libm.a(lib_a-s_atan.o)
[...]
Memory Configuration

Name             Origin             Length             Attributes
FLASH            0x0000000008000000 0x0000000000100000 xr
RAM              0x0000000020000000 0x0000000000020000 xrw
CCMRAM           0x0000000010000000 0x0000000000010000 rw
*default*        0x0000000000000000 0xffffffffffffffff

Linker script and memory map

LOAD /home/sidharth/gcc-arm-none-eabi-9-2020-q2-update/bin/../lib/gcc/arm-none-eabi/9.3.1/thumb/v7e-m/nofp/crti.o
LOAD /home/sidharth/gcc-arm-none-eabi-9-2020-q2-update/bin/../lib/gcc/arm-none-eabi/9.3.1/thumb/v7e-m/nofp/crtbegin.o
LOAD /home/sidharth/gcc-arm-none-eabi-9-2020-q2-update/bin/../lib/gcc/arm-none-eabi/9.3.1/../../../../arm-none-eabi/lib/thumb/v7e-m/nofp/crt0.o
LOAD ./grbl/grbl-master/coolant_control.o
LOAD ./grbl/grbl-master/delay.o
LOAD ./grbl/grbl-master/eeprom.o
LOAD ./grbl/grbl-master/gcode.o
LOAD ./grbl/grbl-master/limits.o
LOAD ./grbl/grbl-master/main.o
LOAD ./grbl/grbl-master/motion_control.o
LOAD ./grbl/grbl-master/nuts_bolts.o
LOAD ./grbl/grbl-master/planner.o
LOAD ./grbl/grbl-master/print.o
LOAD ./grbl/grbl-master/protocol.o
LOAD ./grbl/grbl-master/report.o
LOAD ./grbl/grbl-master/settings.o
LOAD ./grbl/grbl-master/spindle_control.o
LOAD ./grbl/grbl-master/stepper.o
LOAD ./grbl/grbl-master/serial.o
LOAD ./grbl/grbl-master/afl_call.o
LOAD ./hal/src/stm32f4xx_hal.o
LOAD ./hal/src/stm32f4xx_hal_rcc.o
LOAD ./hal/src/stm32f4xx_hal_cortex.o
LOAD ./hal/src/stm32f4xx_hal_gpio.o
LOAD ./hal/src/stm32f4xx_hal_tim.o
LOAD ./hal/src/stm32f4xx_hal_tim_ex.o
LOAD ./board/main.o
LOAD ./board/system_stm32f4xx.o
LOAD ./board/stm32f4xx_it.o
LOAD ./board/syscalls.o
LOAD ./board/gpio.o
LOAD ./board/debounce.o
LOAD ./board/timers.o
LOAD ./board/stm32f4_regs.o
LOAD ./board/usart.o
LOAD ./board/start.o
LOAD /home/sidharth/gcc-arm-none-eabi-9-2020-q2-update/bin/../lib/gcc/arm-none-eabi/9.3.1/../../../../arm-none-eabi/lib/thumb/v7e-m/nofp/libm.a
START GROUP
LOAD /home/sidharth/gcc-arm-none-eabi-9-2020-q2-update/bin/../lib/gcc/arm-none-eabi/9.3.1/thumb/v7e-m/nofp/libgcc.a
LOAD /home/sidharth/gcc-arm-none-eabi-9-2020-q2-update/bin/../lib/gcc/arm-none-eabi/9.3.1/../../../../arm-none-eabi/lib/thumb/v7e-m/nofp/libg.a
LOAD /home/sidharth/gcc-arm-none-eabi-9-2020-q2-update/bin/../lib/gcc/arm-none-eabi/9.3.1/../../../../arm-none-eabi/lib/thumb/v7e-m/nofp/libc.a
END GROUP
LOAD /home/sidharth/gcc-arm-none-eabi-9-2020-q2-update/bin/../lib/gcc/arm-none-eabi/9.3.1/thumb/v7e-m/nofp/crtend.o
LOAD /home/sidharth/gcc-arm-none-eabi-9-2020-q2-update/bin/../lib/gcc/arm-none-eabi/9.3.1/thumb/v7e-m/nofp/crtn.o
                0x000000002001ffff                _estack = 0x2001ffff
                0x0000000000000200                _Min_Heap_Size = 0x200
                0x0000000000000400                _Min_Stack_Size = 0x400

.isr_vector     0x0000000008000000      0x188
                0x0000000008000000                . = ALIGN (0x4)
 *(.isr_vector)
 .isr_vector    0x0000000008000000      0x188 ./board/start.o
                0x0000000008000000                g_pfnVectors
                0x0000000008000188                . = ALIGN (0x4)

.text           0x0000000008000188     0xb380
                0x0000000008000188                . = ALIGN (0x4)
 *(.text)
 .text          0x0000000008000188       0x40 /home/sidharth/gcc-arm-none-eabi-9-2020-q2-update/bin/../lib/gcc/arm-none-eabi/9.3.1/thumb/v7e-m/nofp/crtbegin.o
 .text          0x00000000080001c8       0xa0 ./grbl/grbl-master/coolant_control.o
                0x00000000080001f8                coolant_init
                0x0000000008000210                coolant_stop
                0x0000000008000220                coolant_run
 .text          0x0000000008000268       0x88 ./grbl/grbl-master/delay.o
                0x00000000080002a0                _delay_ms
                0x00000000080002b6                _delay_us
 .text          0x00000000080002f0      0x184 ./grbl/grbl-master/eeprom.o
                0x0000000008000310                eeprom_get_char
                0x0000000008000340                eeprom_put_char
                0x0000000008000374                memcpy_to_eeprom_with_checksum
                0x00000000080003ec                memcpy_from_eeprom_with_checksum
 *fill*         0x0000000008000474        0x4 
 .text          0x0000000008000478     0x1454 ./grbl/grbl-master/gcode.o
                0x00000000080004ac                gc_init
                0x00000000080004fc                gc_set_current_position
                0x00000000080005b4                gc_execute_line
 .text          0x00000000080018cc      0x510 ./grbl/grbl-master/limits.o
                0x000000000800192c                limits_init
                0x000000000800195c                limits_isr
                0x0000000008001d4c                limits_go_home
 .text          0x0000000008001ddc       0xbc ./grbl/grbl-master/main.o
                0x0000000008001ddc                grbl_main
 .text          0x0000000008001e98      0x7a0 ./grbl/grbl-master/motion_control.o
                0x0000000008001e98                mc_line
                0x0000000008001f00                mc_arc
                0x0000000008002408                mc_dwell
                0x00000000080024c4                mc_go_home
                0x00000000080025e8                mc_reset
 .text          0x0000000008002638      0x234 ./grbl/grbl-master/nuts_bolts.o
                0x0000000008002638                read_float
                0x0000000008002814                delay_ms
                0x0000000008002828                delay_us
                0x000000000800283a                sys_sync_current_position
 *fill*         0x000000000800286c        0x4 
 .text          0x0000000008002870      0xe2c ./grbl/grbl-master/planner.o
                0x0000000008002ef0                plan_reset_buffer
                0x0000000008002f24                plan_init
                0x0000000008002f40                plan_discard_current_block
                0x0000000008002f74                plan_get_current_block
                0x0000000008002fac                plan_check_full_buffer
                0x0000000008002fd4                plan_synchronize
                0x0000000008003004                plan_buffer_line
                0x00000000080035ec                plan_set_current_position
                0x0000000008003618                plan_cycle_reinitialize
 .text          0x000000000800369c      0x2e4 ./grbl/grbl-master/print.o
                0x000000000800369c                printString
                0x00000000080036c6                printPgmString
                0x0000000008003740                print_uint8_base2
                0x000000000800375c                print_uint16_base2
                0x00000000080037fc                printInteger
                0x0000000008003826                printFloat
 .text          0x0000000008003980      0x6ac ./grbl/grbl-master/protocol.o
                0x00000000080039a0                protocol_init
                0x00000000080039bc                protocol_execute_startup
                0x0000000008003a18                buttons_isr
                0x0000000008003a74                protocol_execute_runtime
                0x0000000008003b98                protocol_execute_line
                0x0000000008003f34                protocol_process
 *fill*         0x000000000800402c        0x4 
 .text          0x0000000008004030      0xb90 ./grbl/grbl-master/report.o
                0x0000000008004030                report_status_message
                0x0000000008004148                report_alarm_message
                0x00000000080041a0                report_feedback_message
                0x0000000008004228                report_init_message
                0x000000000800423c                report_grbl_help
                0x0000000008004250                report_grbl_settings
                0x00000000080044e8                report_gcode_parameters
                0x00000000080046d0                report_gcode_modes
                0x0000000008004900                report_startup_line
                0x0000000008004940                report_realtime_status
 .text          0x0000000008004bc0      0x648 ./grbl/grbl-master/settings.o
                0x0000000008004bc0                settings_store_startup_line
                0x0000000008004bf4                settings_write_coord_data
                0x0000000008004c2a                write_global_settings
                0x0000000008004c48                settings_reset
                0x0000000008004d2c                settings_read_startup_line
                0x0000000008004d7c                settings_read_coord_data
                0x0000000008004dd2                read_global_settings
                0x0000000008004e30                settings_store_global_setting
                0x00000000080051b4                settings_init
 .text          0x0000000008005208       0xa4 ./grbl/grbl-master/spindle_control.o
                0x0000000008005238                spindle_init
                0x0000000008005250                spindle_stop
                0x000000000800525c                spindle_run
 .text          0x00000000080052ac      0x654 ./grbl/grbl-master/stepper.o
                0x00000000080053a0                step_period_isr
                0x0000000008005760                step_pulse_isr
                0x0000000008005778                step_delay_isr
                0x0000000008005790                st_wake_up
                0x00000000080057e4                st_go_idle
                0x0000000008005814                st_reset
                0x000000000800583c                st_init
                0x000000000800585c                st_cycle_start
                0x000000000800587c                st_feed_hold
                0x00000000080058a0                st_cycle_reinitialize
 .text          0x0000000008005900       0x7c ./grbl/grbl-master/serial.o
                0x0000000008005900                serial_rx_hook
 .text          0x000000000800597c       0x38 ./grbl/grbl-master/afl_call.o
                0x000000000800597c                aflCall
                0x0000000008005984                startForkserver
 .text          0x00000000080059b4      0x228 ./hal/src/stm32f4xx_hal.o
                0x00000000080059b4                HAL_Init
                0x00000000080059f8                HAL_DeInit
                0x0000000008005a50                HAL_MspInit
                0x0000000008005a5c                HAL_MspDeInit
                0x0000000008005a68                HAL_IncTick
                0x0000000008005a84                HAL_GetTick
                0x0000000008005a98                HAL_Delay
                0x0000000008005ac4                HAL_GetHalVersion
                0x0000000008005ad4                HAL_GetREVID
                0x0000000008005aec                HAL_GetDEVID
                0x0000000008005b04                HAL_EnableDBGSleepMode
                0x0000000008005b20                HAL_DisableDBGSleepMode
                0x0000000008005b3c                HAL_EnableDBGStopMode
                0x0000000008005b58                HAL_DisableDBGStopMode
                0x0000000008005b74                HAL_EnableDBGStandbyMode
                0x0000000008005b90                HAL_DisableDBGStandbyMode
                0x0000000008005bac                HAL_EnableCompensationCell
                0x0000000008005bc4                HAL_DisableCompensationCell
 .text          0x0000000008005bdc      0xd74 ./hal/src/stm32f4xx_hal_rcc.o
                0x0000000008005c74                HAL_RCC_DeInit
                0x0000000008005cec                HAL_RCC_OscConfig
                0x000000000800618c                HAL_RCC_ClockConfig
                0x000000000800640c                HAL_RCC_MCOConfig
                0x00000000080064bc                HAL_RCC_EnableCSS
                0x00000000080064d4                HAL_RCC_DisableCSS
                0x00000000080064ec                HAL_RCC_GetSysClockFreq
                0x0000000008006628                HAL_RCC_GetHCLKFreq
                0x0000000008006680                HAL_RCC_GetPCLK1Freq
                0x00000000080066cc                HAL_RCC_GetPCLK2Freq
                0x0000000008006718                HAL_RCC_GetOscConfig
                0x00000000080068bc                HAL_RCC_GetClockConfig
                0x000000000800691c                HAL_RCC_NMI_IRQHandler
                0x0000000008006944                HAL_RCC_CCSCallback
 .text          0x0000000008006950      0x538 ./hal/src/stm32f4xx_hal_cortex.o
                0x0000000008006ce0                HAL_NVIC_SetPriorityGrouping
                0x0000000008006cf6                HAL_NVIC_SetPriority
                0x0000000008006d2e                HAL_NVIC_EnableIRQ
                0x0000000008006d4a                HAL_NVIC_DisableIRQ
                0x0000000008006d66                HAL_NVIC_SystemReset
                0x0000000008006d72                HAL_SYSTICK_Config
                0x0000000008006d8a                HAL_NVIC_GetPriorityGrouping
                0x0000000008006d98                HAL_NVIC_GetPriority
                0x0000000008006dc4                HAL_NVIC_SetPendingIRQ
                0x0000000008006de0                HAL_NVIC_GetPendingIRQ
                0x0000000008006dfe                HAL_NVIC_ClearPendingIRQ
                0x0000000008006e1a                HAL_NVIC_GetActive
                0x0000000008006e38                HAL_SYSTICK_CLKSourceConfig
                0x0000000008006e70                HAL_SYSTICK_IRQHandler
                0x0000000008006e7c                HAL_SYSTICK_Callback
 .text          0x0000000008006e88      0x54c ./hal/src/stm32f4xx_hal_gpio.o
                0x0000000008006e88                HAL_GPIO_Init
                0x00000000080071d0                HAL_GPIO_DeInit
                0x0000000008007310                HAL_GPIO_ReadPin
                0x000000000800733e                HAL_GPIO_WritePin
                0x000000000800736c                HAL_GPIO_TogglePin
                0x000000000800738e                HAL_GPIO_EXTI_IRQHandler
                0x00000000080073c0                HAL_GPIO_EXTI_Callback
 .text          0x00000000080073d4      0x198 ./board/main.o
                0x0000000008007430                Error_Handler
                0x00000000080074c8                debounce_on_handler
                0x0000000008007520                debounce_off_handler
                0x0000000008007540                main
 .text          0x000000000800756c      0x15c ./board/system_stm32f4xx.o
                0x000000000800756c                SystemInit
                0x00000000080075c8                SystemCoreClockUpdate
 .text          0x00000000080076c8       0xc4 ./board/stm32f4xx_it.o
                0x000000000800770e                NMI_Handler
                0x000000000800771a                HardFault_Handler
                0x0000000008007720                MemManage_Handler
                0x0000000008007726                BusFault_Handler
                0x000000000800772c                UsageFault_Handler
                0x0000000008007732                SVC_Handler
                0x000000000800773e                DebugMon_Handler
                0x000000000800774a                PendSV_Handler
                0x0000000008007756                SysTick_Handler
 .text          0x000000000800778c       0xc8 ./board/gpio.o
                0x000000000800778c                gpio_init
 .text          0x0000000008007854      0x18c ./board/debounce.o
                0x00000000080078f4                debounce_rd
                0x0000000008007930                debounce_isr
                0x00000000080079c0                debounce_init
 .text          0x00000000080079e0      0x43c ./board/timers.o
                0x0000000008007b70                step_isr_enable
                0x0000000008007bc2                step_isr_disable
                0x0000000008007bf0                set_step_period
                0x0000000008007c40                set_step_pulse_delay
                0x0000000008007c5e                set_step_pulse_time
                0x0000000008007c7c                TIM2_IRQHandler
                0x0000000008007da8                g540_timer_start
                0x0000000008007dd8                g540_timer_stop
                0x0000000008007e08                timers_init
 .text          0x0000000008007e1c      0x4ac ./board/usart.o
                0x0000000008007e1c                usart_putc
                0x0000000008007e4c                usart_flush
                0x0000000008007e58                usart_tstc
                0x0000000008007e84                usart_getc
                0x0000000008008190                usart_init
                0x0000000008008244                serial_init
                0x0000000008008250                serial_write
                0x000000000800826a                __io_putchar
                0x0000000008008286                serial_read
                0x00000000080082ba                serial_reset_read_buffer
 .text          0x00000000080082c8      0x378 /home/sidharth/gcc-arm-none-eabi-9-2020-q2-update/bin/../lib/gcc/arm-none-eabi/9.3.1/thumb/v7e-m/nofp/libgcc.a(_arm_addsubdf3.o)
                0x00000000080082c8                __aeabi_drsub
                0x00000000080082d0                __aeabi_dsub
                0x00000000080082d0                __subdf3
                0x00000000080082d4                __adddf3
                0x00000000080082d4                __aeabi_dadd
                0x000000000800854c                __aeabi_ui2d
                0x000000000800854c                __floatunsidf
                0x000000000800856c                __floatsidf
                0x000000000800856c                __aeabi_i2d
                0x0000000008008590                __extendsfdf2
                0x0000000008008590                __aeabi_f2d
                0x00000000080085d4                __aeabi_ul2d
                0x00000000080085d4                __floatundidf
                0x00000000080085e4                __floatdidf
                0x00000000080085e4                __aeabi_l2d
 .text          0x0000000008008640      0x424 /home/sidharth/gcc-arm-none-eabi-9-2020-q2-update/bin/../lib/gcc/arm-none-eabi/9.3.1/thumb/v7e-m/nofp/libgcc.a(_arm_muldivdf3.o)
                0x0000000008008640                __aeabi_dmul
                0x0000000008008640                __muldf3
                0x0000000008008894                __aeabi_ddiv
                0x0000000008008894                __divdf3
 .text          0x0000000008008a64      0x110 /home/sidharth/gcc-arm-none-eabi-9-2020-q2-update/bin/../lib/gcc/arm-none-eabi/9.3.1/thumb/v7e-m/nofp/libgcc.a(_arm_cmpdf2.o)
                0x0000000008008a64                __gtdf2
                0x0000000008008a64                __gedf2
                0x0000000008008a6c                __ltdf2
                0x0000000008008a6c                __ledf2
                0x0000000008008a74                __cmpdf2
                0x0000000008008a74                __eqdf2
                0x0000000008008a74                __nedf2
                0x0000000008008af0                __aeabi_cdrcmple
                0x0000000008008b00                __aeabi_cdcmple
                0x0000000008008b00                __aeabi_cdcmpeq
                0x0000000008008b10                __aeabi_dcmpeq
                0x0000000008008b24                __aeabi_dcmplt
                0x0000000008008b38                __aeabi_dcmple
                0x0000000008008b4c                __aeabi_dcmpge
                0x0000000008008b60                __aeabi_dcmpgt
 .text          0x0000000008008b74       0x2c /home/sidharth/gcc-arm-none-eabi-9-2020-q2-update/bin/../lib/gcc/arm-none-eabi/9.3.1/thumb/v7e-m/nofp/libgcc.a(_arm_unorddf2.o)
                0x0000000008008b74                __aeabi_dcmpun
                0x0000000008008b74                __unorddf2
 .text          0x0000000008008ba0       0x50 /home/sidharth/gcc-arm-none-eabi-9-2020-q2-update/bin/../lib/gcc/arm-none-eabi/9.3.1/thumb/v7e-m/nofp/libgcc.a(_arm_fixdfsi.o)
                0x0000000008008ba0                __fixdfsi
                0x0000000008008ba0                __aeabi_d2iz
 .text          0x0000000008008bf0       0x40 /home/sidharth/gcc-arm-none-eabi-9-2020-q2-update/bin/../lib/gcc/arm-none-eabi/9.3.1/thumb/v7e-m/nofp/libgcc.a(_arm_fixunsdfsi.o)
                0x0000000008008bf0                __fixunsdfsi
                0x0000000008008bf0                __aeabi_d2uiz
 .text          0x0000000008008c30       0xa0 /home/sidharth/gcc-arm-none-eabi-9-2020-q2-update/bin/../lib/gcc/arm-none-eabi/9.3.1/thumb/v7e-m/nofp/libgcc.a(_arm_truncdfsf2.o)
                0x0000000008008c30                __aeabi_d2f
                0x0000000008008c30                __truncdfsf2
 .text          0x0000000008008cd0      0x21c /home/sidharth/gcc-arm-none-eabi-9-2020-q2-update/bin/../lib/gcc/arm-none-eabi/9.3.1/thumb/v7e-m/nofp/libgcc.a(_arm_addsubsf3.o)
                0x0000000008008cd0                __aeabi_frsub
                0x0000000008008cd8                __subsf3
                0x0000000008008cd8                __aeabi_fsub
                0x0000000008008cdc                __aeabi_fadd
                0x0000000008008cdc                __addsf3
                0x0000000008008e3c                __aeabi_ui2f
                0x0000000008008e3c                __floatunsisf
                0x0000000008008e44                __aeabi_i2f
                0x0000000008008e44                __floatsisf
                0x0000000008008e60                __floatundisf
                0x0000000008008e60                __aeabi_ul2f
                0x0000000008008e70                __floatdisf
                0x0000000008008e70                __aeabi_l2f
 .text          0x0000000008008eec      0x2a0 /home/sidharth/gcc-arm-none-eabi-9-2020-q2-update/bin/../lib/gcc/arm-none-eabi/9.3.1/thumb/v7e-m/nofp/libgcc.a(_arm_muldivsf3.o)
                0x0000000008008eec                __mulsf3
                0x0000000008008eec                __aeabi_fmul
                0x0000000008009054                __divsf3
                0x0000000008009054                __aeabi_fdiv
 .text          0x000000000800918c       0xec /home/sidharth/gcc-arm-none-eabi-9-2020-q2-update/bin/../lib/gcc/arm-none-eabi/9.3.1/thumb/v7e-m/nofp/libgcc.a(_arm_cmpsf2.o)
                0x000000000800918c                __gtsf2
                0x000000000800918c                __gesf2
                0x0000000008009194                __lesf2
                0x0000000008009194                __ltsf2
                0x000000000800919c                __nesf2
                0x000000000800919c                __eqsf2
                0x000000000800919c                __cmpsf2
                0x00000000080091fc                __aeabi_cfrcmple
                0x0000000008009204                __aeabi_cfcmple
                0x0000000008009204                __aeabi_cfcmpeq
                0x0000000008009214                __aeabi_fcmpeq
                0x0000000008009228                __aeabi_fcmplt
                0x000000000800923c                __aeabi_fcmple
                0x0000000008009250                __aeabi_fcmpge
                0x0000000008009264                __aeabi_fcmpgt
 .text          0x0000000008009278       0x4c /home/sidharth/gcc-arm-none-eabi-9-2020-q2-update/bin/../lib/gcc/arm-none-eabi/9.3.1/thumb/v7e-m/nofp/libgcc.a(_arm_fixsfsi.o)
                0x0000000008009278                __fixsfsi
                0x0000000008009278                __aeabi_f2iz
 *(.text*)
 .text.Reset_Handler
                0x00000000080092c4       0x50 ./board/start.o
                0x00000000080092c4                Reset_Handler
 .text.Default_Handler
                0x0000000008009314        0x2 ./board/start.o
                0x0000000008009314                RTC_Alarm_IRQHandler
                0x0000000008009314                HASH_RNG_IRQHandler
                0x0000000008009314                EXTI2_IRQHandler
                0x0000000008009314                TIM8_CC_IRQHandler
                0x0000000008009314                TIM1_CC_IRQHandler
                0x0000000008009314                DMA2_Stream5_IRQHandler
                0x0000000008009314                DMA1_Stream5_IRQHandler
                0x0000000008009314                PVD_IRQHandler
                0x0000000008009314                SDIO_IRQHandler
                0x0000000008009314                TAMP_STAMP_IRQHandler
                0x0000000008009314                CAN2_RX1_IRQHandler
                0x0000000008009314                EXTI3_IRQHandler
                0x0000000008009314                TIM8_TRG_COM_TIM14_IRQHandler
                0x0000000008009314                TIM1_UP_TIM10_IRQHandler
                0x0000000008009314                TIM8_UP_TIM13_IRQHandler
                0x0000000008009314                I2C3_ER_IRQHandler
                0x0000000008009314                EXTI0_IRQHandler
                0x0000000008009314                I2C2_EV_IRQHandler
                0x0000000008009314                DMA1_Stream2_IRQHandler
                0x0000000008009314                CAN1_RX0_IRQHandler
                0x0000000008009314                FPU_IRQHandler
                0x0000000008009314                OTG_HS_WKUP_IRQHandler
                0x0000000008009314                CAN2_SCE_IRQHandler
                0x0000000008009314                DMA2_Stream2_IRQHandler
                0x0000000008009314                SPI1_IRQHandler
                0x0000000008009314                TIM6_DAC_IRQHandler
                0x0000000008009314                TIM1_BRK_TIM9_IRQHandler
                0x0000000008009314                DCMI_IRQHandler
                0x0000000008009314                CAN2_RX0_IRQHandler
                0x0000000008009314                DMA2_Stream3_IRQHandler
                0x0000000008009314                USART6_IRQHandler
                0x0000000008009314                USART3_IRQHandler
                0x0000000008009314                CAN1_RX1_IRQHandler
                0x0000000008009314                UART5_IRQHandler
                0x0000000008009314                DMA2_Stream0_IRQHandler
                0x0000000008009314                TIM4_IRQHandler
                0x0000000008009314                I2C1_EV_IRQHandler
                0x0000000008009314                DMA1_Stream6_IRQHandler
                0x0000000008009314                DMA1_Stream1_IRQHandler
                0x0000000008009314                UART4_IRQHandler
                0x0000000008009314                TIM3_IRQHandler
                0x0000000008009314                RCC_IRQHandler
                0x0000000008009314                TIM8_BRK_TIM12_IRQHandler
                0x0000000008009314                Default_Handler
                0x0000000008009314                EXTI15_10_IRQHandler
                0x0000000008009314                ADC_IRQHandler
                0x0000000008009314                DMA1_Stream7_IRQHandler
                0x0000000008009314                TIM7_IRQHandler
                0x0000000008009314                CAN2_TX_IRQHandler
                0x0000000008009314                TIM5_IRQHandler
                0x0000000008009314                DMA2_Stream7_IRQHandler
                0x0000000008009314                I2C3_EV_IRQHandler
                0x0000000008009314                EXTI9_5_IRQHandler
                0x0000000008009314                RTC_WKUP_IRQHandler
                0x0000000008009314                ETH_WKUP_IRQHandler
                0x0000000008009314                SPI2_IRQHandler
                0x0000000008009314                OTG_HS_EP1_IN_IRQHandler
                0x0000000008009314                DMA1_Stream0_IRQHandler
                0x0000000008009314                CAN1_TX_IRQHandler
                0x0000000008009314                EXTI4_IRQHandler
                0x0000000008009314                FSMC_IRQHandler
                0x0000000008009314                ETH_IRQHandler
                0x0000000008009314                OTG_HS_EP1_OUT_IRQHandler
                0x0000000008009314                WWDG_IRQHandler
                0x0000000008009314                OTG_FS_WKUP_IRQHandler
                0x0000000008009314                TIM1_TRG_COM_TIM11_IRQHandler
                0x0000000008009314                OTG_HS_IRQHandler
                0x0000000008009314                EXTI1_IRQHandler
                0x0000000008009314                USART2_IRQHandler
                0x0000000008009314                I2C2_ER_IRQHandler
                0x0000000008009314                DMA2_Stream1_IRQHandler
                0x0000000008009314                CAN1_SCE_IRQHandler
                0x0000000008009314                FLASH_IRQHandler
                0x0000000008009314                DMA2_Stream4_IRQHandler
                0x0000000008009314                USART1_IRQHandler
                0x0000000008009314                OTG_FS_IRQHandler
                0x0000000008009314                SPI3_IRQHandler
                0x0000000008009314                DMA1_Stream4_IRQHandler
                0x0000000008009314                I2C1_ER_IRQHandler
                0x0000000008009314                DMA2_Stream6_IRQHandler
                0x0000000008009314                DMA1_Stream3_IRQHandler
 *fill*         0x0000000008009316        0x2 
 .text.ceil     0x0000000008009318       0xf8 /home/sidharth/gcc-arm-none-eabi-9-2020-q2-update/bin/../lib/gcc/arm-none-eabi/9.3.1/../../../../arm-none-eabi/lib/thumb/v7e-m/nofp/libm.a(lib_a-s_ceil.o)
                0x0000000008009318                ceil
 .text.cos      0x0000000008009410       0xac /home/sidharth/gcc-arm-none-eabi-9-2020-q2-update/bin/../lib/gcc/arm-none-eabi/9.3.1/../../../../arm-none-eabi/lib/thumb/v7e-m/nofp/libm.a(lib_a-s_cos.o)
                0x0000000008009410                cos
 *fill*         0x00000000080094bc        0x4 
 .text.floor    0x00000000080094c0       0xf8 /home/sidharth/gcc-arm-none-eabi-9-2020-q2-update/bin/../lib/gcc/arm-none-eabi/9.3.1/../../../../arm-none-eabi/lib/thumb/v7e-m/nofp/libm.a(lib_a-s_floor.o)
                0x00000000080094c0                floor
 .text.lround   0x00000000080095b8       0x9c /home/sidharth/gcc-arm-none-eabi-9-2020-q2-update/bin/../lib/gcc/arm-none-eabi/9.3.1/../../../../arm-none-eabi/lib/thumb/v7e-m/nofp/libm.a(lib_a-s_lround.o)
                0x00000000080095b8                lround
 .text.round    0x0000000008009654       0x94 /home/sidharth/gcc-arm-none-eabi-9-2020-q2-update/bin/../lib/gcc/arm-none-eabi/9.3.1/../../../../arm-none-eabi/lib/thumb/v7e-m/nofp/libm.a(lib_a-s_round.o)
                0x0000000008009654                round
 .text.sin      0x00000000080096e8       0xb0 /home/sidharth/gcc-arm-none-eabi-9-2020-q2-update/bin/../lib/gcc/arm-none-eabi/9.3.1/../../../../arm-none-eabi/lib/thumb/v7e-m/nofp/libm.a(lib_a-s_sin.o)
                0x00000000080096e8                sin
 .text.trunc    0x0000000008009798       0x80 /home/sidharth/gcc-arm-none-eabi-9-2020-q2-update/bin/../lib/gcc/arm-none-eabi/9.3.1/../../../../arm-none-eabi/lib/thumb/v7e-m/nofp/libm.a(lib_a-s_trunc.o)
                0x0000000008009798                trunc
 .text.atan2    0x0000000008009818        0x4 /home/sidharth/gcc-arm-none-eabi-9-2020-q2-update/bin/../lib/gcc/arm-none-eabi/9.3.1/../../../../arm-none-eabi/lib/thumb/v7e-m/nofp/libm.a(lib_a-w_atan2.o)
                0x0000000008009818                atan2
 .text.hypot    0x000000000800981c       0x5c /home/sidharth/gcc-arm-none-eabi-9-2020-q2-update/bin/../lib/gcc/arm-none-eabi/9.3.1/../../../../arm-none-eabi/lib/thumb/v7e-m/nofp/libm.a(lib_a-w_hypot.o)
                0x000000000800981c                hypot
 .text.sqrt     0x0000000008009878       0x5c /home/sidharth/gcc-arm-none-eabi-9-2020-q2-update/bin/../lib/gcc/arm-none-eabi/9.3.1/../../../../arm-none-eabi/lib/thumb/v7e-m/nofp/libm.a(lib_a-w_sqrt.o)
                0x0000000008009878                sqrt
 *fill*         0x00000000080098d4        0x4 
 .text.__ieee754_atan2
                0x00000000080098d8      0x194 /home/sidharth/gcc-arm-none-eabi-9-2020-q2-update/bin/../lib/gcc/arm-none-eabi/9.3.1/../../../../arm-none-eabi/lib/thumb/v7e-m/nofp/libm.a(lib_a-e_atan2.o)
                0x00000000080098d8                __ieee754_atan2
 .text.__ieee754_hypot
                0x0000000008009a6c      0x254 /home/sidharth/gcc-arm-none-eabi-9-2020-q2-update/bin/../lib/gcc/arm-none-eabi/9.3.1/../../../../arm-none-eabi/lib/thumb/v7e-m/nofp/libm.a(lib_a-e_hypot.o)
                0x0000000008009a6c                __ieee754_hypot
 .text.__ieee754_rem_pio2
                0x0000000008009cc0      0x444 /home/sidharth/gcc-arm-none-eabi-9-2020-q2-update/bin/../lib/gcc/arm-none-eabi/9.3.1/../../../../arm-none-eabi/lib/thumb/v7e-m/nofp/libm.a(lib_a-e_rem_pio2.o)
                0x0000000008009cc0                __ieee754_rem_pio2
 .text.__ieee754_sqrt
                0x000000000800a104      0x188 /home/sidharth/gcc-arm-none-eabi-9-2020-q2-update/bin/../lib/gcc/arm-none-eabi/9.3.1/../../../../arm-none-eabi/lib/thumb/v7e-m/nofp/libm.a(lib_a-e_sqrt.o)
                0x000000000800a104                __ieee754_sqrt
 *fill*         0x000000000800a28c        0x4 
 .text.__kernel_cos
                0x000000000800a290      0x258 /home/sidharth/gcc-arm-none-eabi-9-2020-q2-update/bin/../lib/gcc/arm-none-eabi/9.3.1/../../../../arm-none-eabi/lib/thumb/v7e-m/nofp/libm.a(lib_a-k_cos.o)
                0x000000000800a290                __kernel_cos
 .text.__kernel_rem_pio2
                0x000000000800a4e8      0x84c /home/sidharth/gcc-arm-none-eabi-9-2020-q2-update/bin/../lib/gcc/arm-none-eabi/9.3.1/../../../../arm-none-eabi/lib/thumb/v7e-m/nofp/libm.a(lib_a-k_rem_pio2.o)
                0x000000000800a4e8                __kernel_rem_pio2
 *fill*         0x000000000800ad34        0x4 
 .text.__kernel_sin
                0x000000000800ad38      0x184 /home/sidharth/gcc-arm-none-eabi-9-2020-q2-update/bin/../lib/gcc/arm-none-eabi/9.3.1/../../../../arm-none-eabi/lib/thumb/v7e-m/nofp/libm.a(lib_a-k_sin.o)
                0x000000000800ad38                __kernel_sin
 *fill*         0x000000000800aebc        0x4 
 .text.atan     0x000000000800aec0      0x354 /home/sidharth/gcc-arm-none-eabi-9-2020-q2-update/bin/../lib/gcc/arm-none-eabi/9.3.1/../../../../arm-none-eabi/lib/thumb/v7e-m/nofp/libm.a(lib_a-s_atan.o)
                0x000000000800aec0                atan
 .text.fabs     0x000000000800b214        0x8 /home/sidharth/gcc-arm-none-eabi-9-2020-q2-update/bin/../lib/gcc/arm-none-eabi/9.3.1/../../../../arm-none-eabi/lib/thumb/v7e-m/nofp/libm.a(lib_a-s_fabs.o)
                0x000000000800b214                fabs
 .text.finite   0x000000000800b21c        0xc /home/sidharth/gcc-arm-none-eabi-9-2020-q2-update/bin/../lib/gcc/arm-none-eabi/9.3.1/../../../../arm-none-eabi/lib/thumb/v7e-m/nofp/libm.a(lib_a-s_finite.o)
                0x000000000800b21c                finite
 .text.scalbn   0x000000000800b228       0xf4 /home/sidharth/gcc-arm-none-eabi-9-2020-q2-update/bin/../lib/gcc/arm-none-eabi/9.3.1/../../../../arm-none-eabi/lib/thumb/v7e-m/nofp/libm.a(lib_a-s_scalbn.o)
                0x000000000800b228                scalbn
 .text.__errno  0x000000000800b31c        0xc /home/sidharth/gcc-arm-none-eabi-9-2020-q2-update/bin/../lib/gcc/arm-none-eabi/9.3.1/../../../../arm-none-eabi/lib/thumb/v7e-m/nofp/libg.a(lib_a-errno.o)
                0x000000000800b31c                __errno
 .text.__libc_init_array
                0x000000000800b328       0x48 /home/sidharth/gcc-arm-none-eabi-9-2020-q2-update/bin/../lib/gcc/arm-none-eabi/9.3.1/../../../../arm-none-eabi/lib/thumb/v7e-m/nofp/libg.a(lib_a-init.o)
                0x000000000800b328                __libc_init_array
 .text.memset   0x000000000800b370       0xa0 /home/sidharth/gcc-arm-none-eabi-9-2020-q2-update/bin/../lib/gcc/arm-none-eabi/9.3.1/../../../../arm-none-eabi/lib/thumb/v7e-m/nofp/libg.a(lib_a-memset.o)
                0x000000000800b370                memset
 .text.startup.register_fini
                0x000000000800b410       0x14 /home/sidharth/gcc-arm-none-eabi-9-2020-q2-update/bin/../lib/gcc/arm-none-eabi/9.3.1/../../../../arm-none-eabi/lib/thumb/v7e-m/nofp/libg.a(lib_a-__call_atexit.o)
 .text.atexit   0x000000000800b424        0xc /home/sidharth/gcc-arm-none-eabi-9-2020-q2-update/bin/../lib/gcc/arm-none-eabi/9.3.1/../../../../arm-none-eabi/lib/thumb/v7e-m/nofp/libg.a(lib_a-atexit.o)
                0x000000000800b424                atexit
 .text.__libc_fini_array
                0x000000000800b430       0x2c /home/sidharth/gcc-arm-none-eabi-9-2020-q2-update/bin/../lib/gcc/arm-none-eabi/9.3.1/../../../../arm-none-eabi/lib/thumb/v7e-m/nofp/libg.a(lib_a-fini.o)
                0x000000000800b430                __libc_fini_array
 .text.__retarget_lock_acquire_recursive
                0x000000000800b45c        0x4 /home/sidharth/gcc-arm-none-eabi-9-2020-q2-update/bin/../lib/gcc/arm-none-eabi/9.3.1/../../../../arm-none-eabi/lib/thumb/v7e-m/nofp/libg.a(lib_a-lock.o)
                0x000000000800b45c                __retarget_lock_acquire_recursive
 .text.__retarget_lock_release_recursive
                0x000000000800b460        0x4 /home/sidharth/gcc-arm-none-eabi-9-2020-q2-update/bin/../lib/gcc/arm-none-eabi/9.3.1/../../../../arm-none-eabi/lib/thumb/v7e-m/nofp/libg.a(lib_a-lock.o)
                0x000000000800b460                __retarget_lock_release_recursive
 .text.__register_exitproc
                0x000000000800b464       0x8c /home/sidharth/gcc-arm-none-eabi-9-2020-q2-update/bin/../lib/gcc/arm-none-eabi/9.3.1/../../../../arm-none-eabi/lib/thumb/v7e-m/nofp/libg.a(lib_a-__atexit.o)
                0x000000000800b464                __register_exitproc
 *(.glue_7)
 .glue_7        0x000000000800b4f0        0x0 linker stubs
 *(.glue_7t)
 .glue_7t       0x000000000800b4f0        0x0 linker stubs
 *(.eh_frame)
 .eh_frame      0x000000000800b4f0        0x0 /home/sidharth/gcc-arm-none-eabi-9-2020-q2-update/bin/../lib/gcc/arm-none-eabi/9.3.1/thumb/v7e-m/nofp/crtbegin.o
 *(.init)
 .init          0x000000000800b4f0        0x4 /home/sidharth/gcc-arm-none-eabi-9-2020-q2-update/bin/../lib/gcc/arm-none-eabi/9.3.1/thumb/v7e-m/nofp/crti.o
                0x000000000800b4f0                _init
 .init          0x000000000800b4f4        0x8 /home/sidharth/gcc-arm-none-eabi-9-2020-q2-update/bin/../lib/gcc/arm-none-eabi/9.3.1/thumb/v7e-m/nofp/crtn.o
 *(.fini)
 .fini          0x000000000800b4fc        0x4 /home/sidharth/gcc-arm-none-eabi-9-2020-q2-update/bin/../lib/gcc/arm-none-eabi/9.3.1/thumb/v7e-m/nofp/crti.o
                0x000000000800b4fc                _fini
 .fini          0x000000000800b500        0x8 /home/sidharth/gcc-arm-none-eabi-9-2020-q2-update/bin/../lib/gcc/arm-none-eabi/9.3.1/thumb/v7e-m/nofp/crtn.o
                0x000000000800b508                . = ALIGN (0x4)
                0x000000000800b508                _etext = .

.vfp11_veneer   0x000000000800b508        0x0
 .vfp11_veneer  0x000000000800b508        0x0 linker stubs

.v4_bx          0x000000000800b508        0x0
 .v4_bx         0x000000000800b508        0x0 linker stubs

.iplt           0x000000000800b508        0x0
 .iplt          0x000000000800b508        0x0 /home/sidharth/gcc-arm-none-eabi-9-2020-q2-update/bin/../lib/gcc/arm-none-eabi/9.3.1/thumb/v7e-m/nofp/crtbegin.o

.rodata         0x000000000800b508      0xadc
                0x000000000800b508                . = ALIGN (0x4)
 *(.rodata)
 .rodata        0x000000000800b508      0x6e4 ./grbl/grbl-master/report.o
 .rodata        0x000000000800bbec       0x10 ./hal/src/stm32f4xx_hal_rcc.o
                0x000000000800bbec                APBAHBPrescTable
 .rodata        0x000000000800bbfc      0x198 ./board/gpio.o
 *(.rodata*)
 *fill*         0x000000000800bd94        0x4 
 .rodata.CSWTCH.8
                0x000000000800bd98       0x18 /home/sidharth/gcc-arm-none-eabi-9-2020-q2-update/bin/../lib/gcc/arm-none-eabi/9.3.1/../../../../arm-none-eabi/lib/thumb/v7e-m/nofp/libm.a(lib_a-e_atan2.o)
 .rodata.CSWTCH.9
                0x000000000800bdb0       0x18 /home/sidharth/gcc-arm-none-eabi-9-2020-q2-update/bin/../lib/gcc/arm-none-eabi/9.3.1/../../../../arm-none-eabi/lib/thumb/v7e-m/nofp/libm.a(lib_a-e_atan2.o)
 .rodata.npio2_hw
                0x000000000800bdc8       0x80 /home/sidharth/gcc-arm-none-eabi-9-2020-q2-update/bin/../lib/gcc/arm-none-eabi/9.3.1/../../../../arm-none-eabi/lib/thumb/v7e-m/nofp/libm.a(lib_a-e_rem_pio2.o)
 .rodata.two_over_pi
                0x000000000800be48      0x108 /home/sidharth/gcc-arm-none-eabi-9-2020-q2-update/bin/../lib/gcc/arm-none-eabi/9.3.1/../../../../arm-none-eabi/lib/thumb/v7e-m/nofp/libm.a(lib_a-e_rem_pio2.o)
 .rodata.PIo2   0x000000000800bf50       0x40 /home/sidharth/gcc-arm-none-eabi-9-2020-q2-update/bin/../lib/gcc/arm-none-eabi/9.3.1/../../../../arm-none-eabi/lib/thumb/v7e-m/nofp/libm.a(lib_a-k_rem_pio2.o)
 .rodata.init_jk
                0x000000000800bf90       0x10 /home/sidharth/gcc-arm-none-eabi-9-2020-q2-update/bin/../lib/gcc/arm-none-eabi/9.3.1/../../../../arm-none-eabi/lib/thumb/v7e-m/nofp/libm.a(lib_a-k_rem_pio2.o)
 .rodata.atanhi
                0x000000000800bfa0       0x20 /home/sidharth/gcc-arm-none-eabi-9-2020-q2-update/bin/../lib/gcc/arm-none-eabi/9.3.1/../../../../arm-none-eabi/lib/thumb/v7e-m/nofp/libm.a(lib_a-s_atan.o)
 .rodata.atanlo
                0x000000000800bfc0       0x20 /home/sidharth/gcc-arm-none-eabi-9-2020-q2-update/bin/../lib/gcc/arm-none-eabi/9.3.1/../../../../arm-none-eabi/lib/thumb/v7e-m/nofp/libm.a(lib_a-s_atan.o)
 .rodata._global_impure_ptr
                0x000000000800bfe0        0x4 /home/sidharth/gcc-arm-none-eabi-9-2020-q2-update/bin/../lib/gcc/arm-none-eabi/9.3.1/../../../../arm-none-eabi/lib/thumb/v7e-m/nofp/libg.a(lib_a-impure.o)
                0x000000000800bfe0                _global_impure_ptr
                0x000000000800bfe4                . = ALIGN (0x4)

.rel.dyn        0x000000000800bfe4        0x0
 .rel.iplt      0x000000000800bfe4        0x0 /home/sidharth/gcc-arm-none-eabi-9-2020-q2-update/bin/../lib/gcc/arm-none-eabi/9.3.1/thumb/v7e-m/nofp/crtbegin.o

.ARM.extab
 *(.ARM.extab* .gnu.linkonce.armextab.*)

.ARM            0x000000000800bfe4        0x0
                0x000000000800bfe4                __exidx_start = .
 *(.ARM.exidx*)
                0x000000000800bfe4                __exidx_end = .

.preinit_array  0x000000000800bfe4        0x0
                0x000000000800bfe4                PROVIDE (__preinit_array_start = .)
 *(.preinit_array*)
                0x000000000800bfe4                PROVIDE (__preinit_array_end = .)

.init_array     0x000000000800bfe4        0x8
                0x000000000800bfe4                PROVIDE (__init_array_start = .)
 *(SORT_BY_NAME(.init_array.*))
 .init_array.00000
                0x000000000800bfe4        0x4 /home/sidharth/gcc-arm-none-eabi-9-2020-q2-update/bin/../lib/gcc/arm-none-eabi/9.3.1/../../../../arm-none-eabi/lib/thumb/v7e-m/nofp/libg.a(lib_a-__call_atexit.o)
 *(.init_array*)
 .init_array    0x000000000800bfe8        0x4 /home/sidharth/gcc-arm-none-eabi-9-2020-q2-update/bin/../lib/gcc/arm-none-eabi/9.3.1/thumb/v7e-m/nofp/crtbegin.o
                0x000000000800bfec                PROVIDE (__init_array_end = .)

.fini_array     0x000000000800bfec        0x4
                0x000000000800bfec                PROVIDE (__fini_array_start = .)
 *(SORT_BY_NAME(.fini_array.*))
 *(.fini_array*)
 .fini_array    0x000000000800bfec        0x4 /home/sidharth/gcc-arm-none-eabi-9-2020-q2-update/bin/../lib/gcc/arm-none-eabi/9.3.1/thumb/v7e-m/nofp/crtbegin.o
                0x000000000800bff0                PROVIDE (__fini_array_end = .)
                0x000000000800bff0                _sidata = LOADADDR (.data)

.data           0x0000000020000000      0x44c load address 0x000000000800bff0
                0x0000000020000000                . = ALIGN (0x4)
                0x0000000020000000                _sdata = .
 *(.data)
 .data          0x0000000020000000       0x14 ./board/system_stm32f4xx.o
                0x0000000020000000                SystemCoreClock
                0x0000000020000004                AHBPrescTable
 *(.data*)
 .data.__fdlib_version
                0x0000000020000014        0x1 /home/sidharth/gcc-arm-none-eabi-9-2020-q2-update/bin/../lib/gcc/arm-none-eabi/9.3.1/../../../../arm-none-eabi/lib/thumb/v7e-m/nofp/libm.a(lib_a-s_lib_ver.o)
                0x0000000020000014                __fdlib_version
 *fill*         0x0000000020000015        0x3 
 .data._impure_ptr
                0x0000000020000018        0x4 /home/sidharth/gcc-arm-none-eabi-9-2020-q2-update/bin/../lib/gcc/arm-none-eabi/9.3.1/../../../../arm-none-eabi/lib/thumb/v7e-m/nofp/libg.a(lib_a-impure.o)
                0x0000000020000018                _impure_ptr
 *fill*         0x000000002000001c        0x4 
 .data.impure_data
                0x0000000020000020      0x428 /home/sidharth/gcc-arm-none-eabi-9-2020-q2-update/bin/../lib/gcc/arm-none-eabi/9.3.1/../../../../arm-none-eabi/lib/thumb/v7e-m/nofp/libg.a(lib_a-impure.o)
 .data.__atexit_recursive_mutex
                0x0000000020000448        0x4 /home/sidharth/gcc-arm-none-eabi-9-2020-q2-update/bin/../lib/gcc/arm-none-eabi/9.3.1/../../../../arm-none-eabi/lib/thumb/v7e-m/nofp/libg.a(lib_a-__call_atexit.o)
                0x0000000020000448                __atexit_recursive_mutex
                0x000000002000044c                . = ALIGN (0x4)
                0x000000002000044c                _edata = .
                0x000000000800c43c                _siccmram = LOADADDR (.ccmram)

.igot.plt       0x000000002000044c        0x0 load address 0x000000000800c43c
 .igot.plt      0x000000002000044c        0x0 /home/sidharth/gcc-arm-none-eabi-9-2020-q2-update/bin/../lib/gcc/arm-none-eabi/9.3.1/thumb/v7e-m/nofp/crtbegin.o

.ccmram         0x0000000010000000        0x0 load address 0x000000000800c43c
                0x0000000010000000                . = ALIGN (0x4)
                0x0000000010000000                _sccmram = .
 *(.ccmram)
 *(.ccmram*)
                0x0000000010000000                . = ALIGN (0x4)
                0x0000000010000000                _eccmram = .
                0x0000000010000000                . = ALIGN (0x4)

.bss            0x000000002000044c      0xad4
                0x000000002000044c                _sbss = .
                0x000000002000044c                __bss_start__ = _sbss
 *(.bss)
 .bss           0x000000002000044c       0x1c /home/sidharth/gcc-arm-none-eabi-9-2020-q2-update/bin/../lib/gcc/arm-none-eabi/9.3.1/thumb/v7e-m/nofp/crtbegin.o
 .bss           0x0000000020000468        0x1 ./grbl/grbl-master/coolant_control.o
 *fill*         0x0000000020000469        0x3 
 .bss           0x000000002000046c      0x404 ./grbl/grbl-master/eeprom.o
 .bss           0x0000000020000870      0x4a0 ./grbl/grbl-master/planner.o
 .bss           0x0000000020000d10      0x102 ./grbl/grbl-master/protocol.o
 .bss           0x0000000020000e12        0x1 ./grbl/grbl-master/spindle_control.o
 *fill*         0x0000000020000e13        0x1 
 .bss           0x0000000020000e14       0x2e ./grbl/grbl-master/stepper.o
 *fill*         0x0000000020000e42        0x2 
 .bss           0x0000000020000e44        0x4 ./grbl/grbl-master/afl_call.o
                0x0000000020000e44                noHyperCall
 .bss           0x0000000020000e48        0x4 ./hal/src/stm32f4xx_hal.o
 .bss           0x0000000020000e4c        0x8 ./board/main.o
                0x0000000020000e4c                limits_enabled
                0x0000000020000e50                buttons_enabled
 .bss           0x0000000020000e54       0x1c ./board/debounce.o
 *(.bss*)
 *(COMMON)
 COMMON         0x0000000020000e70       0x38 ./grbl/grbl-master/gcode.o
                0x0000000020000e70                gc
 COMMON         0x0000000020000ea8       0x14 ./grbl/grbl-master/main.o
                0x0000000020000ea8                sys
 COMMON         0x0000000020000ebc       0x40 ./grbl/grbl-master/settings.o
                0x0000000020000ebc                settings
 COMMON         0x0000000020000efc       0x21 /home/sidharth/gcc-arm-none-eabi-9-2020-q2-update/bin/../lib/gcc/arm-none-eabi/9.3.1/../../../../arm-none-eabi/lib/thumb/v7e-m/nofp/libg.a(lib_a-lock.o)
                0x0000000020000efc                __lock___atexit_recursive_mutex
                0x0000000020000f00                __lock___arc4random_mutex
                0x0000000020000f04                __lock___env_recursive_mutex
                0x0000000020000f08                __lock___sinit_recursive_mutex
                0x0000000020000f0c                __lock___malloc_recursive_mutex
                0x0000000020000f10                __lock___at_quick_exit_mutex
                0x0000000020000f14                __lock___dd_hash_mutex
                0x0000000020000f18                __lock___tz_mutex
                0x0000000020000f1c                __lock___sfp_recursive_mutex
                0x0000000020000f20                . = ALIGN (0x4)
 *fill*         0x0000000020000f1d        0x3 
                0x0000000020000f20                _ebss = .
                0x0000000020000f20                __bss_end__ = _ebss

._user_heap_stack
                0x0000000020000f20      0x600
                0x0000000020000f20                . = ALIGN (0x4)
                0x0000000020000f20                PROVIDE (end = .)
                [!provide]                        PROVIDE (_end = .)
                0x0000000020001120                . = (. + _Min_Heap_Size)
 *fill*         0x0000000020000f20      0x200 
                0x0000000020001520                . = (. + _Min_Stack_Size)
 *fill*         0x0000000020001120      0x400 
                0x0000000020001520                . = ALIGN (0x4)

/DISCARD/
 libc.a(*)
 libm.a(*)
 libgcc.a(*)

.ARM.attributes
                0x0000000000000000       0x2a
 *(.ARM.attributes)
 .ARM.attributes
                0x0000000000000000       0x1e /home/sidharth/gcc-arm-none-eabi-9-2020-q2-update/bin/../lib/gcc/arm-none-eabi/9.3.1/thumb/v7e-m/nofp/crti.o
 .ARM.attributes
                0x000000000000001e       0x2e /home/sidharth/gcc-arm-none-eabi-9-2020-q2-update/bin/../lib/gcc/arm-none-eabi/9.3.1/thumb/v7e-m/nofp/crtbegin.o
 .ARM.attributes
                0x000000000000004c       0x2e ./grbl/grbl-master/coolant_control.o
 .ARM.attributes
                0x000000000000007a       0x2e ./grbl/grbl-master/delay.o
 .ARM.attributes
                0x00000000000000a8       0x2e ./grbl/grbl-master/eeprom.o
 .ARM.attributes
                0x00000000000000d6       0x2e ./grbl/grbl-master/gcode.o
 .ARM.attributes
                0x0000000000000104       0x2e ./grbl/grbl-master/limits.o
 .ARM.attributes
                0x0000000000000132       0x2e ./grbl/grbl-master/main.o
 .ARM.attributes
                0x0000000000000160       0x2e ./grbl/grbl-master/motion_control.o
 .ARM.attributes
                0x000000000000018e       0x2e ./grbl/grbl-master/nuts_bolts.o
 .ARM.attributes
                0x00000000000001bc       0x2e ./grbl/grbl-master/planner.o
 .ARM.attributes
                0x00000000000001ea       0x2e ./grbl/grbl-master/print.o
 .ARM.attributes
                0x0000000000000218       0x2e ./grbl/grbl-master/protocol.o
 .ARM.attributes
                0x0000000000000246       0x2e ./grbl/grbl-master/report.o
 .ARM.attributes
                0x0000000000000274       0x2e ./grbl/grbl-master/settings.o
 .ARM.attributes
                0x00000000000002a2       0x2e ./grbl/grbl-master/spindle_control.o
 .ARM.attributes
                0x00000000000002d0       0x2e ./grbl/grbl-master/stepper.o
 .ARM.attributes
                0x00000000000002fe       0x2e ./grbl/grbl-master/serial.o
 .ARM.attributes
                0x000000000000032c       0x2e ./grbl/grbl-master/afl_call.o
 .ARM.attributes
                0x000000000000035a       0x2e ./hal/src/stm32f4xx_hal.o
 .ARM.attributes
                0x0000000000000388       0x2e ./hal/src/stm32f4xx_hal_rcc.o
 .ARM.attributes
                0x00000000000003b6       0x2e ./hal/src/stm32f4xx_hal_cortex.o
 .ARM.attributes
                0x00000000000003e4       0x2e ./hal/src/stm32f4xx_hal_gpio.o
 .ARM.attributes
                0x0000000000000412       0x2e ./board/main.o
 .ARM.attributes
                0x0000000000000440       0x2e ./board/system_stm32f4xx.o
 .ARM.attributes
                0x000000000000046e       0x2e ./board/stm32f4xx_it.o
 .ARM.attributes
                0x000000000000049c       0x2e ./board/gpio.o
 .ARM.attributes
                0x00000000000004ca       0x2e ./board/debounce.o
 .ARM.attributes
                0x00000000000004f8       0x2e ./board/timers.o
 .ARM.attributes
                0x0000000000000526       0x2e ./board/usart.o
 .ARM.attributes
                0x0000000000000554       0x21 ./board/start.o
 .ARM.attributes
                0x0000000000000575       0x2e /home/sidharth/gcc-arm-none-eabi-9-2020-q2-update/bin/../lib/gcc/arm-none-eabi/9.3.1/../../../../arm-none-eabi/lib/thumb/v7e-m/nofp/libm.a(lib_a-s_ceil.o)
 .ARM.attributes
                0x00000000000005a3       0x2e /home/sidharth/gcc-arm-none-eabi-9-2020-q2-update/bin/../lib/gcc/arm-none-eabi/9.3.1/../../../../arm-none-eabi/lib/thumb/v7e-m/nofp/libm.a(lib_a-s_cos.o)
 .ARM.attributes
                0x00000000000005d1       0x2e /home/sidharth/gcc-arm-none-eabi-9-2020-q2-update/bin/../lib/gcc/arm-none-eabi/9.3.1/../../../../arm-none-eabi/lib/thumb/v7e-m/nofp/libm.a(lib_a-s_floor.o)
 .ARM.attributes
                0x00000000000005ff       0x2e /home/sidharth/gcc-arm-none-eabi-9-2020-q2-update/bin/../lib/gcc/arm-none-eabi/9.3.1/../../../../arm-none-eabi/lib/thumb/v7e-m/nofp/libm.a(lib_a-s_lround.o)
 .ARM.attributes
                0x000000000000062d       0x2e /home/sidharth/gcc-arm-none-eabi-9-2020-q2-update/bin/../lib/gcc/arm-none-eabi/9.3.1/../../../../arm-none-eabi/lib/thumb/v7e-m/nofp/libm.a(lib_a-s_round.o)
 .ARM.attributes
                0x000000000000065b       0x2e /home/sidharth/gcc-arm-none-eabi-9-2020-q2-update/bin/../lib/gcc/arm-none-eabi/9.3.1/../../../../arm-none-eabi/lib/thumb/v7e-m/nofp/libm.a(lib_a-s_sin.o)
 .ARM.attributes
                0x0000000000000689       0x2e /home/sidharth/gcc-arm-none-eabi-9-2020-q2-update/bin/../lib/gcc/arm-none-eabi/9.3.1/../../../../arm-none-eabi/lib/thumb/v7e-m/nofp/libm.a(lib_a-s_trunc.o)
 .ARM.attributes
                0x00000000000006b7       0x2e /home/sidharth/gcc-arm-none-eabi-9-2020-q2-update/bin/../lib/gcc/arm-none-eabi/9.3.1/../../../../arm-none-eabi/lib/thumb/v7e-m/nofp/libm.a(lib_a-w_atan2.o)
 .ARM.attributes
                0x00000000000006e5       0x2e /home/sidharth/gcc-arm-none-eabi-9-2020-q2-update/bin/../lib/gcc/arm-none-eabi/9.3.1/../../../../arm-none-eabi/lib/thumb/v7e-m/nofp/libm.a(lib_a-w_hypot.o)
 .ARM.attributes
                0x0000000000000713       0x2e /home/sidharth/gcc-arm-none-eabi-9-2020-q2-update/bin/../lib/gcc/arm-none-eabi/9.3.1/../../../../arm-none-eabi/lib/thumb/v7e-m/nofp/libm.a(lib_a-w_sqrt.o)
 .ARM.attributes
                0x0000000000000741       0x2e /home/sidharth/gcc-arm-none-eabi-9-2020-q2-update/bin/../lib/gcc/arm-none-eabi/9.3.1/../../../../arm-none-eabi/lib/thumb/v7e-m/nofp/libm.a(lib_a-e_atan2.o)
 .ARM.attributes
                0x000000000000076f       0x2e /home/sidharth/gcc-arm-none-eabi-9-2020-q2-update/bin/../lib/gcc/arm-none-eabi/9.3.1/../../../../arm-none-eabi/lib/thumb/v7e-m/nofp/libm.a(lib_a-e_hypot.o)
 .ARM.attributes
                0x000000000000079d       0x2e /home/sidharth/gcc-arm-none-eabi-9-2020-q2-update/bin/../lib/gcc/arm-none-eabi/9.3.1/../../../../arm-none-eabi/lib/thumb/v7e-m/nofp/libm.a(lib_a-e_rem_pio2.o)
 .ARM.attributes
                0x00000000000007cb       0x2e /home/sidharth/gcc-arm-none-eabi-9-2020-q2-update/bin/../lib/gcc/arm-none-eabi/9.3.1/../../../../arm-none-eabi/lib/thumb/v7e-m/nofp/libm.a(lib_a-e_sqrt.o)
 .ARM.attributes
                0x00000000000007f9       0x2e /home/sidharth/gcc-arm-none-eabi-9-2020-q2-update/bin/../lib/gcc/arm-none-eabi/9.3.1/../../../../arm-none-eabi/lib/thumb/v7e-m/nofp/libm.a(lib_a-k_cos.o)
 .ARM.attributes
                0x0000000000000827       0x2e /home/sidharth/gcc-arm-none-eabi-9-2020-q2-update/bin/../lib/gcc/arm-none-eabi/9.3.1/../../../../arm-none-eabi/lib/thumb/v7e-m/nofp/libm.a(lib_a-k_rem_pio2.o)
 .ARM.attributes
                0x0000000000000855       0x2e /home/sidharth/gcc-arm-none-eabi-9-2020-q2-update/bin/../lib/gcc/arm-none-eabi/9.3.1/../../../../arm-none-eabi/lib/thumb/v7e-m/nofp/libm.a(lib_a-k_sin.o)
 .ARM.attributes
                0x0000000000000883       0x2e /home/sidharth/gcc-arm-none-eabi-9-2020-q2-update/bin/../lib/gcc/arm-none-eabi/9.3.1/../../../../arm-none-eabi/lib/thumb/v7e-m/nofp/libm.a(lib_a-s_atan.o)
 .ARM.attributes
                0x00000000000008b1       0x2e /home/sidharth/gcc-arm-none-eabi-9-2020-q2-update/bin/../lib/gcc/arm-none-eabi/9.3.1/../../../../arm-none-eabi/lib/thumb/v7e-m/nofp/libm.a(lib_a-s_fabs.o)
 .ARM.attributes
                0x00000000000008df       0x2e /home/sidharth/gcc-arm-none-eabi-9-2020-q2-update/bin/../lib/gcc/arm-none-eabi/9.3.1/../../../../arm-none-eabi/lib/thumb/v7e-m/nofp/libm.a(lib_a-s_finite.o)
 .ARM.attributes
                0x000000000000090d       0x2e /home/sidharth/gcc-arm-none-eabi-9-2020-q2-update/bin/../lib/gcc/arm-none-eabi/9.3.1/../../../../arm-none-eabi/lib/thumb/v7e-m/nofp/libm.a(lib_a-s_lib_ver.o)
 .ARM.attributes
                0x000000000000093b       0x2e /home/sidharth/gcc-arm-none-eabi-9-2020-q2-update/bin/../lib/gcc/arm-none-eabi/9.3.1/../../../../arm-none-eabi/lib/thumb/v7e-m/nofp/libm.a(lib_a-s_scalbn.o)
 .ARM.attributes
                0x0000000000000969       0x1e /home/sidharth/gcc-arm-none-eabi-9-2020-q2-update/bin/../lib/gcc/arm-none-eabi/9.3.1/thumb/v7e-m/nofp/libgcc.a(_arm_addsubdf3.o)
 .ARM.attributes
                0x0000000000000987       0x1e /home/sidharth/gcc-arm-none-eabi-9-2020-q2-update/bin/../lib/gcc/arm-none-eabi/9.3.1/thumb/v7e-m/nofp/libgcc.a(_arm_muldivdf3.o)
 .ARM.attributes
                0x00000000000009a5       0x1e /home/sidharth/gcc-arm-none-eabi-9-2020-q2-update/bin/../lib/gcc/arm-none-eabi/9.3.1/thumb/v7e-m/nofp/libgcc.a(_arm_cmpdf2.o)
 .ARM.attributes
                0x00000000000009c3       0x1e /home/sidharth/gcc-arm-none-eabi-9-2020-q2-update/bin/../lib/gcc/arm-none-eabi/9.3.1/thumb/v7e-m/nofp/libgcc.a(_arm_unorddf2.o)
 .ARM.attributes
                0x00000000000009e1       0x1e /home/sidharth/gcc-arm-none-eabi-9-2020-q2-update/bin/../lib/gcc/arm-none-eabi/9.3.1/thumb/v7e-m/nofp/libgcc.a(_arm_fixdfsi.o)
 .ARM.attributes
                0x00000000000009ff       0x1e /home/sidharth/gcc-arm-none-eabi-9-2020-q2-update/bin/../lib/gcc/arm-none-eabi/9.3.1/thumb/v7e-m/nofp/libgcc.a(_arm_fixunsdfsi.o)
 .ARM.attributes
                0x0000000000000a1d       0x1e /home/sidharth/gcc-arm-none-eabi-9-2020-q2-update/bin/../lib/gcc/arm-none-eabi/9.3.1/thumb/v7e-m/nofp/libgcc.a(_arm_truncdfsf2.o)
 .ARM.attributes
                0x0000000000000a3b       0x1e /home/sidharth/gcc-arm-none-eabi-9-2020-q2-update/bin/../lib/gcc/arm-none-eabi/9.3.1/thumb/v7e-m/nofp/libgcc.a(_arm_addsubsf3.o)
 .ARM.attributes
                0x0000000000000a59       0x1e /home/sidharth/gcc-arm-none-eabi-9-2020-q2-update/bin/../lib/gcc/arm-none-eabi/9.3.1/thumb/v7e-m/nofp/libgcc.a(_arm_muldivsf3.o)
 .ARM.attributes
                0x0000000000000a77       0x1e /home/sidharth/gcc-arm-none-eabi-9-2020-q2-update/bin/../lib/gcc/arm-none-eabi/9.3.1/thumb/v7e-m/nofp/libgcc.a(_arm_cmpsf2.o)
 .ARM.attributes
                0x0000000000000a95       0x1e /home/sidharth/gcc-arm-none-eabi-9-2020-q2-update/bin/../lib/gcc/arm-none-eabi/9.3.1/thumb/v7e-m/nofp/libgcc.a(_arm_fixsfsi.o)
 .ARM.attributes
                0x0000000000000ab3       0x2e /home/sidharth/gcc-arm-none-eabi-9-2020-q2-update/bin/../lib/gcc/arm-none-eabi/9.3.1/../../../../arm-none-eabi/lib/thumb/v7e-m/nofp/libg.a(lib_a-errno.o)
 .ARM.attributes
                0x0000000000000ae1       0x2e /home/sidharth/gcc-arm-none-eabi-9-2020-q2-update/bin/../lib/gcc/arm-none-eabi/9.3.1/../../../../arm-none-eabi/lib/thumb/v7e-m/nofp/libg.a(lib_a-impure.o)
 .ARM.attributes
                0x0000000000000b0f       0x2e /home/sidharth/gcc-arm-none-eabi-9-2020-q2-update/bin/../lib/gcc/arm-none-eabi/9.3.1/../../../../arm-none-eabi/lib/thumb/v7e-m/nofp/libg.a(lib_a-init.o)
 .ARM.attributes
                0x0000000000000b3d       0x2e /home/sidharth/gcc-arm-none-eabi-9-2020-q2-update/bin/../lib/gcc/arm-none-eabi/9.3.1/../../../../arm-none-eabi/lib/thumb/v7e-m/nofp/libg.a(lib_a-memset.o)
 .ARM.attributes
                0x0000000000000b6b       0x2e /home/sidharth/gcc-arm-none-eabi-9-2020-q2-update/bin/../lib/gcc/arm-none-eabi/9.3.1/../../../../arm-none-eabi/lib/thumb/v7e-m/nofp/libg.a(lib_a-__call_atexit.o)
 .ARM.attributes
                0x0000000000000b99       0x2e /home/sidharth/gcc-arm-none-eabi-9-2020-q2-update/bin/../lib/gcc/arm-none-eabi/9.3.1/../../../../arm-none-eabi/lib/thumb/v7e-m/nofp/libg.a(lib_a-atexit.o)
 .ARM.attributes
                0x0000000000000bc7       0x2e /home/sidharth/gcc-arm-none-eabi-9-2020-q2-update/bin/../lib/gcc/arm-none-eabi/9.3.1/../../../../arm-none-eabi/lib/thumb/v7e-m/nofp/libg.a(lib_a-fini.o)
 .ARM.attributes
                0x0000000000000bf5       0x2e /home/sidharth/gcc-arm-none-eabi-9-2020-q2-update/bin/../lib/gcc/arm-none-eabi/9.3.1/../../../../arm-none-eabi/lib/thumb/v7e-m/nofp/libg.a(lib_a-lock.o)
 .ARM.attributes
                0x0000000000000c23       0x2e /home/sidharth/gcc-arm-none-eabi-9-2020-q2-update/bin/../lib/gcc/arm-none-eabi/9.3.1/../../../../arm-none-eabi/lib/thumb/v7e-m/nofp/libg.a(lib_a-__atexit.o)
 .ARM.attributes
                0x0000000000000c51       0x1e /home/sidharth/gcc-arm-none-eabi-9-2020-q2-update/bin/../lib/gcc/arm-none-eabi/9.3.1/thumb/v7e-m/nofp/crtn.o
OUTPUT(grbl_stm32f4 elf32-littlearm)
LOAD linker stubs
LOAD /home/sidharth/gcc-arm-none-eabi-9-2020-q2-update/bin/../lib/gcc/arm-none-eabi/9.3.1/../../../../arm-none-eabi/lib/thumb/v7e-m/nofp/libc.a
LOAD /home/sidharth/gcc-arm-none-eabi-9-2020-q2-update/bin/../lib/gcc/arm-none-eabi/9.3.1/../../../../arm-none-eabi/lib/thumb/v7e-m/nofp/libm.a
LOAD /home/sidharth/gcc-arm-none-eabi-9-2020-q2-update/bin/../lib/gcc/arm-none-eabi/9.3.1/thumb/v7e-m/nofp/libgcc.a

.debug_info     0x0000000000000000    0x13264
 .debug_info    0x0000000000000000      0xc31 ./grbl/grbl-master/coolant_control.o
 .debug_info    0x0000000000000c31      0x19d ./grbl/grbl-master/delay.o
 .debug_info    0x0000000000000dce      0xa74 ./grbl/grbl-master/eeprom.o
 .debug_info    0x0000000000001842     0x1012 ./grbl/grbl-master/gcode.o
 .debug_info    0x0000000000002854      0xe80 ./grbl/grbl-master/limits.o
 .debug_info    0x00000000000036d4      0xcc3 ./grbl/grbl-master/main.o
 .debug_info    0x0000000000004397      0xf77 ./grbl/grbl-master/motion_control.o
 .debug_info    0x000000000000530e      0xc7f ./grbl/grbl-master/nuts_bolts.o
 .debug_info    0x0000000000005f8d     0x126d ./grbl/grbl-master/planner.o
 .debug_info    0x00000000000071fa      0xd34 ./grbl/grbl-master/print.o
 .debug_info    0x0000000000007f2e      0xe19 ./grbl/grbl-master/protocol.o
 .debug_info    0x0000000000008d47      0xe13 ./grbl/grbl-master/report.o
 .debug_info    0x0000000000009b5a      0xd82 ./grbl/grbl-master/settings.o
 .debug_info    0x000000000000a8dc      0xc49 ./grbl/grbl-master/spindle_control.o
 .debug_info    0x000000000000b525      0xfb9 ./grbl/grbl-master/stepper.o
 .debug_info    0x000000000000c4de      0xa48 ./grbl/grbl-master/serial.o
 .debug_info    0x000000000000cf26      0x116 ./grbl/grbl-master/afl_call.o
 .debug_info    0x000000000000d03c      0x558 ./hal/src/stm32f4xx_hal.o
 .debug_info    0x000000000000d594     0x132d ./hal/src/stm32f4xx_hal_rcc.o
 .debug_info    0x000000000000e8c1      0xbe2 ./hal/src/stm32f4xx_hal_cortex.o
 .debug_info    0x000000000000f4a3      0x6e8 ./hal/src/stm32f4xx_hal_gpio.o
 .debug_info    0x000000000000fb8b      0x622 ./board/main.o
 .debug_info    0x00000000000101ad      0x510 ./board/system_stm32f4xx.o
 .debug_info    0x00000000000106bd      0x285 ./board/stm32f4xx_it.o
 .debug_info    0x0000000000010942      0x4ea ./board/gpio.o
 .debug_info    0x0000000000010e2c      0xbff ./board/debounce.o
 .debug_info    0x0000000000011a2b      0x9e6 ./board/timers.o
 .debug_info    0x0000000000012411      0xe31 ./board/usart.o
 .debug_info    0x0000000000013242       0x22 ./board/start.o

.debug_abbrev   0x0000000000000000     0x4114
 .debug_abbrev  0x0000000000000000      0x264 ./grbl/grbl-master/coolant_control.o
 .debug_abbrev  0x0000000000000264      0x105 ./grbl/grbl-master/delay.o
 .debug_abbrev  0x0000000000000369      0x21f ./grbl/grbl-master/eeprom.o
 .debug_abbrev  0x0000000000000588      0x337 ./grbl/grbl-master/gcode.o
 .debug_abbrev  0x00000000000008bf      0x2e3 ./grbl/grbl-master/limits.o
 .debug_abbrev  0x0000000000000ba2      0x221 ./grbl/grbl-master/main.o
 .debug_abbrev  0x0000000000000dc3      0x2a2 ./grbl/grbl-master/motion_control.o
 .debug_abbrev  0x0000000000001065      0x265 ./grbl/grbl-master/nuts_bolts.o
 .debug_abbrev  0x00000000000012ca      0x369 ./grbl/grbl-master/planner.o
 .debug_abbrev  0x0000000000001633      0x28a ./grbl/grbl-master/print.o
 .debug_abbrev  0x00000000000018bd      0x2df ./grbl/grbl-master/protocol.o
 .debug_abbrev  0x0000000000001b9c      0x30b ./grbl/grbl-master/report.o
 .debug_abbrev  0x0000000000001ea7      0x2eb ./grbl/grbl-master/settings.o
 .debug_abbrev  0x0000000000002192      0x264 ./grbl/grbl-master/spindle_control.o
 .debug_abbrev  0x00000000000023f6      0x317 ./grbl/grbl-master/stepper.o
 .debug_abbrev  0x000000000000270d      0x20d ./grbl/grbl-master/serial.o
 .debug_abbrev  0x000000000000291a       0xa8 ./grbl/grbl-master/afl_call.o
 .debug_abbrev  0x00000000000029c2      0x18f ./hal/src/stm32f4xx_hal.o
 .debug_abbrev  0x0000000000002b51      0x2f0 ./hal/src/stm32f4xx_hal_rcc.o
 .debug_abbrev  0x0000000000002e41      0x2d5 ./hal/src/stm32f4xx_hal_cortex.o
 .debug_abbrev  0x0000000000003116      0x1de ./hal/src/stm32f4xx_hal_gpio.o
 .debug_abbrev  0x00000000000032f4      0x1e5 ./board/main.o
 .debug_abbrev  0x00000000000034d9      0x139 ./board/system_stm32f4xx.o
 .debug_abbrev  0x0000000000003612      0x128 ./board/stm32f4xx_it.o
 .debug_abbrev  0x000000000000373a      0x16d ./board/gpio.o
 .debug_abbrev  0x00000000000038a7      0x2be ./board/debounce.o
 .debug_abbrev  0x0000000000003b65      0x247 ./board/timers.o
 .debug_abbrev  0x0000000000003dac      0x356 ./board/usart.o
 .debug_abbrev  0x0000000000004102       0x12 ./board/start.o

.debug_aranges  0x0000000000000000      0x3a8
 .debug_aranges
                0x0000000000000000       0x20 ./grbl/grbl-master/coolant_control.o
 .debug_aranges
                0x0000000000000020       0x20 ./grbl/grbl-master/delay.o
 .debug_aranges
                0x0000000000000040       0x20 ./grbl/grbl-master/eeprom.o
 .debug_aranges
                0x0000000000000060       0x20 ./grbl/grbl-master/gcode.o
 .debug_aranges
                0x0000000000000080       0x20 ./grbl/grbl-master/limits.o
 .debug_aranges
                0x00000000000000a0       0x20 ./grbl/grbl-master/main.o
 .debug_aranges
                0x00000000000000c0       0x20 ./grbl/grbl-master/motion_control.o
 .debug_aranges
                0x00000000000000e0       0x20 ./grbl/grbl-master/nuts_bolts.o
 .debug_aranges
                0x0000000000000100       0x20 ./grbl/grbl-master/planner.o
 .debug_aranges
                0x0000000000000120       0x20 ./grbl/grbl-master/print.o
 .debug_aranges
                0x0000000000000140       0x20 ./grbl/grbl-master/protocol.o
 .debug_aranges
                0x0000000000000160       0x20 ./grbl/grbl-master/report.o
 .debug_aranges
                0x0000000000000180       0x20 ./grbl/grbl-master/settings.o
 .debug_aranges
                0x00000000000001a0       0x20 ./grbl/grbl-master/spindle_control.o
 .debug_aranges
                0x00000000000001c0       0x20 ./grbl/grbl-master/stepper.o
 .debug_aranges
                0x00000000000001e0       0x20 ./grbl/grbl-master/serial.o
 .debug_aranges
                0x0000000000000200       0x20 ./grbl/grbl-master/afl_call.o
 .debug_aranges
                0x0000000000000220       0x20 ./hal/src/stm32f4xx_hal.o
 .debug_aranges
                0x0000000000000240       0x20 ./hal/src/stm32f4xx_hal_rcc.o
 .debug_aranges
                0x0000000000000260       0x20 ./hal/src/stm32f4xx_hal_cortex.o
 .debug_aranges
                0x0000000000000280       0x20 ./hal/src/stm32f4xx_hal_gpio.o
 .debug_aranges
                0x00000000000002a0       0x20 ./board/main.o
 .debug_aranges
                0x00000000000002c0       0x20 ./board/system_stm32f4xx.o
 .debug_aranges
                0x00000000000002e0       0x20 ./board/stm32f4xx_it.o
 .debug_aranges
                0x0000000000000300       0x20 ./board/gpio.o
 .debug_aranges
                0x0000000000000320       0x20 ./board/debounce.o
 .debug_aranges
                0x0000000000000340       0x20 ./board/timers.o
 .debug_aranges
                0x0000000000000360       0x20 ./board/usart.o
 .debug_aranges
                0x0000000000000380       0x28 ./board/start.o

.debug_line     0x0000000000000000     0x6941
 .debug_line    0x0000000000000000      0x28c ./grbl/grbl-master/coolant_control.o
 .debug_line    0x000000000000028c      0x16a ./grbl/grbl-master/delay.o
 .debug_line    0x00000000000003f6      0x207 ./grbl/grbl-master/eeprom.o
 .debug_line    0x00000000000005fd      0x94d ./grbl/grbl-master/gcode.o
 .debug_line    0x0000000000000f4a      0x452 ./grbl/grbl-master/limits.o
 .debug_line    0x000000000000139c      0x2a5 ./grbl/grbl-master/main.o
 .debug_line    0x0000000000001641      0x4e1 ./grbl/grbl-master/motion_control.o
 .debug_line    0x0000000000001b22      0x2d1 ./grbl/grbl-master/nuts_bolts.o
 .debug_line    0x0000000000001df3      0x798 ./grbl/grbl-master/planner.o
 .debug_line    0x000000000000258b      0x395 ./grbl/grbl-master/print.o
 .debug_line    0x0000000000002920      0x573 ./grbl/grbl-master/protocol.o
 .debug_line    0x0000000000002e93      0x61d ./grbl/grbl-master/report.o
 .debug_line    0x00000000000034b0      0x442 ./grbl/grbl-master/settings.o
 .debug_line    0x00000000000038f2      0x28a ./grbl/grbl-master/spindle_control.o
 .debug_line    0x0000000000003b7c      0x572 ./grbl/grbl-master/stepper.o
 .debug_line    0x00000000000040ee      0x1ff ./grbl/grbl-master/serial.o
 .debug_line    0x00000000000042ed      0x121 ./grbl/grbl-master/afl_call.o
 .debug_line    0x000000000000440e      0x22b ./hal/src/stm32f4xx_hal.o
 .debug_line    0x0000000000004639      0x949 ./hal/src/stm32f4xx_hal_rcc.o
 .debug_line    0x0000000000004f82      0x458 ./hal/src/stm32f4xx_hal_cortex.o
 .debug_line    0x00000000000053da      0x46e ./hal/src/stm32f4xx_hal_gpio.o
 .debug_line    0x0000000000005848      0x235 ./board/main.o
 .debug_line    0x0000000000005a7d      0x1e7 ./board/system_stm32f4xx.o
 .debug_line    0x0000000000005c64      0x1a8 ./board/stm32f4xx_it.o
 .debug_line    0x0000000000005e0c      0x1d1 ./board/gpio.o
 .debug_line    0x0000000000005fdd      0x2cc ./board/debounce.o
 .debug_line    0x00000000000062a9      0x303 ./board/timers.o
 .debug_line    0x00000000000065ac      0x329 ./board/usart.o
 .debug_line    0x00000000000068d5       0x6c ./board/start.o

.debug_str      0x0000000000000000     0x2b01
 .debug_str     0x0000000000000000      0x754 ./grbl/grbl-master/coolant_control.o
                                        0x819 (size before relaxing)
 .debug_str     0x0000000000000754       0x6a ./grbl/grbl-master/delay.o
                                        0x1f0 (size before relaxing)
 .debug_str     0x00000000000007be       0xba ./grbl/grbl-master/eeprom.o
                                        0x5f6 (size before relaxing)
 .debug_str     0x0000000000000878      0x1fc ./grbl/grbl-master/gcode.o
                                        0x9c5 (size before relaxing)
 .debug_str     0x0000000000000a74      0x157 ./grbl/grbl-master/limits.o
                                        0x8e9 (size before relaxing)
 .debug_str     0x0000000000000bcb       0x22 ./grbl/grbl-master/main.o
                                        0x885 (size before relaxing)
 .debug_str     0x0000000000000bed      0x148 ./grbl/grbl-master/motion_control.o
                                        0x9f1 (size before relaxing)
 .debug_str     0x0000000000000d35       0x6b ./grbl/grbl-master/nuts_bolts.o
                                        0x771 (size before relaxing)
 .debug_str     0x0000000000000da0      0x416 ./grbl/grbl-master/planner.o
                                        0xc1c (size before relaxing)
 .debug_str     0x00000000000011b6       0x9a ./grbl/grbl-master/print.o
                                        0x816 (size before relaxing)
 .debug_str     0x0000000000001250       0xd9 ./grbl/grbl-master/protocol.o
                                        0x954 (size before relaxing)
 .debug_str     0x0000000000001329      0x114 ./grbl/grbl-master/report.o
                                        0x998 (size before relaxing)
 .debug_str     0x000000000000143d       0xf6 ./grbl/grbl-master/settings.o
                                        0x8a8 (size before relaxing)
 .debug_str     0x0000000000001533       0x8a ./grbl/grbl-master/spindle_control.o
                                        0x816 (size before relaxing)
 .debug_str     0x00000000000015bd      0x1a8 ./grbl/grbl-master/stepper.o
                                        0xa9c (size before relaxing)
 .debug_str     0x0000000000001765       0x29 ./grbl/grbl-master/serial.o
                                        0x5fb (size before relaxing)
 .debug_str     0x000000000000178e       0x40 ./grbl/grbl-master/afl_call.o
                                        0x1a1 (size before relaxing)
 .debug_str     0x00000000000017ce      0x2f2 ./hal/src/stm32f4xx_hal.o
                                        0x48c (size before relaxing)
 .debug_str     0x0000000000001ac0      0x887 ./hal/src/stm32f4xx_hal_rcc.o
                                        0xc2b (size before relaxing)
 .debug_str     0x0000000000002347      0x225 ./hal/src/stm32f4xx_hal_cortex.o
                                        0xaa0 (size before relaxing)
 .debug_str     0x000000000000256c      0x147 ./hal/src/stm32f4xx_hal_gpio.o
                                        0x455 (size before relaxing)
 .debug_str     0x00000000000026b3       0x69 ./board/main.o
                                        0x4a5 (size before relaxing)
 .debug_str     0x000000000000271c       0x44 ./board/system_stm32f4xx.o
                                        0x33d (size before relaxing)
 .debug_str     0x0000000000002760       0xb1 ./board/stm32f4xx_it.o
                                        0x29b (size before relaxing)
 .debug_str     0x0000000000002811       0x35 ./board/gpio.o
                                        0x38e (size before relaxing)
 .debug_str     0x0000000000002846       0x93 ./board/debounce.o
                                        0x6a0 (size before relaxing)
 .debug_str     0x00000000000028d9      0x13c ./board/timers.o
                                        0x930 (size before relaxing)
 .debug_str     0x0000000000002a15       0xd0 ./board/usart.o
                                        0x798 (size before relaxing)
 .debug_str     0x0000000000002ae5       0x1c ./board/start.o
                                         0x47 (size before relaxing)

.comment        0x0000000000000000       0x4c
 .comment       0x0000000000000000       0x4c ./grbl/grbl-master/coolant_control.o
                                         0x4d (size before relaxing)
 .comment       0x000000000000004c       0x4d ./grbl/grbl-master/delay.o
 .comment       0x000000000000004c       0x4d ./grbl/grbl-master/eeprom.o
 .comment       0x000000000000004c       0x4d ./grbl/grbl-master/gcode.o
 .comment       0x000000000000004c       0x4d ./grbl/grbl-master/limits.o
 .comment       0x000000000000004c       0x4d ./grbl/grbl-master/main.o
 .comment       0x000000000000004c       0x4d ./grbl/grbl-master/motion_control.o
 .comment       0x000000000000004c       0x4d ./grbl/grbl-master/nuts_bolts.o
 .comment       0x000000000000004c       0x4d ./grbl/grbl-master/planner.o
 .comment       0x000000000000004c       0x4d ./grbl/grbl-master/print.o
 .comment       0x000000000000004c       0x4d ./grbl/grbl-master/protocol.o
 .comment       0x000000000000004c       0x4d ./grbl/grbl-master/report.o
 .comment       0x000000000000004c       0x4d ./grbl/grbl-master/settings.o
 .comment       0x000000000000004c       0x4d ./grbl/grbl-master/spindle_control.o
 .comment       0x000000000000004c       0x4d ./grbl/grbl-master/stepper.o
 .comment       0x000000000000004c       0x4d ./grbl/grbl-master/serial.o
 .comment       0x000000000000004c       0x4d ./grbl/grbl-master/afl_call.o
 .comment       0x000000000000004c       0x4d ./hal/src/stm32f4xx_hal.o
 .comment       0x000000000000004c       0x4d ./hal/src/stm32f4xx_hal_rcc.o
 .comment       0x000000000000004c       0x4d ./hal/src/stm32f4xx_hal_cortex.o
 .comment       0x000000000000004c       0x4d ./hal/src/stm32f4xx_hal_gpio.o
 .comment       0x000000000000004c       0x4d ./board/main.o
 .comment       0x000000000000004c       0x4d ./board/system_stm32f4xx.o
 .comment       0x000000000000004c       0x4d ./board/stm32f4xx_it.o
 .comment       0x000000000000004c       0x4d ./board/gpio.o
 .comment       0x000000000000004c       0x4d ./board/debounce.o
 .comment       0x000000000000004c       0x4d ./board/timers.o
 .comment       0x000000000000004c       0x4d ./board/usart.o

.debug_frame    0x0000000000000000     0x2d20
 .debug_frame   0x0000000000000000       0xec ./grbl/grbl-master/coolant_control.o
 .debug_frame   0x00000000000000ec       0x78 ./grbl/grbl-master/delay.o
 .debug_frame   0x0000000000000164       0xbc ./grbl/grbl-master/eeprom.o
 .debug_frame   0x0000000000000220       0xf4 ./grbl/grbl-master/gcode.o
 .debug_frame   0x0000000000000314       0xec ./grbl/grbl-master/limits.o
 .debug_frame   0x0000000000000400       0x2c ./grbl/grbl-master/main.o
 .debug_frame   0x000000000000042c       0xd4 ./grbl/grbl-master/motion_control.o
 .debug_frame   0x0000000000000500       0xa0 ./grbl/grbl-master/nuts_bolts.o
 .debug_frame   0x00000000000005a0      0x310 ./grbl/grbl-master/planner.o
 .debug_frame   0x00000000000008b0      0x130 ./grbl/grbl-master/print.o
 .debug_frame   0x00000000000009e0      0x104 ./grbl/grbl-master/protocol.o
 .debug_frame   0x0000000000000ae4      0x160 ./grbl/grbl-master/report.o
 .debug_frame   0x0000000000000c44      0x150 ./grbl/grbl-master/settings.o
 .debug_frame   0x0000000000000d94       0xec ./grbl/grbl-master/spindle_control.o
 .debug_frame   0x0000000000000e80      0x200 ./grbl/grbl-master/stepper.o
 .debug_frame   0x0000000000001080       0x34 ./grbl/grbl-master/serial.o
 .debug_frame   0x00000000000010b4       0x44 ./grbl/grbl-master/afl_call.o
 .debug_frame   0x00000000000010f8      0x24c ./hal/src/stm32f4xx_hal.o
 .debug_frame   0x0000000000001344      0x250 ./hal/src/stm32f4xx_hal_rcc.o
 .debug_frame   0x0000000000001594      0x428 ./hal/src/stm32f4xx_hal_cortex.o
 .debug_frame   0x00000000000019bc      0x124 ./hal/src/stm32f4xx_hal_gpio.o
 .debug_frame   0x0000000000001ae0      0x100 ./board/main.o
 .debug_frame   0x0000000000001be0       0x58 ./board/system_stm32f4xx.o
 .debug_frame   0x0000000000001c38      0x13c ./board/stm32f4xx_it.o
 .debug_frame   0x0000000000001d74       0x34 ./board/gpio.o
 .debug_frame   0x0000000000001da8      0x114 ./board/debounce.o
 .debug_frame   0x0000000000001ebc      0x224 ./board/timers.o
 .debug_frame   0x00000000000020e0      0x1cc ./board/usart.o
 .debug_frame   0x00000000000022ac       0x30 /home/sidharth/gcc-arm-none-eabi-9-2020-q2-update/bin/../lib/gcc/arm-none-eabi/9.3.1/../../../../arm-none-eabi/lib/thumb/v7e-m/nofp/libm.a(lib_a-s_ceil.o)
 .debug_frame   0x00000000000022dc       0x3c /home/sidharth/gcc-arm-none-eabi-9-2020-q2-update/bin/../lib/gcc/arm-none-eabi/9.3.1/../../../../arm-none-eabi/lib/thumb/v7e-m/nofp/libm.a(lib_a-s_cos.o)
 .debug_frame   0x0000000000002318       0x30 /home/sidharth/gcc-arm-none-eabi-9-2020-q2-update/bin/../lib/gcc/arm-none-eabi/9.3.1/../../../../arm-none-eabi/lib/thumb/v7e-m/nofp/libm.a(lib_a-s_floor.o)
 .debug_frame   0x0000000000002348       0x2c /home/sidharth/gcc-arm-none-eabi-9-2020-q2-update/bin/../lib/gcc/arm-none-eabi/9.3.1/../../../../arm-none-eabi/lib/thumb/v7e-m/nofp/libm.a(lib_a-s_lround.o)
 .debug_frame   0x0000000000002374       0x30 /home/sidharth/gcc-arm-none-eabi-9-2020-q2-update/bin/../lib/gcc/arm-none-eabi/9.3.1/../../../../arm-none-eabi/lib/thumb/v7e-m/nofp/libm.a(lib_a-s_round.o)
 .debug_frame   0x00000000000023a4       0x3c /home/sidharth/gcc-arm-none-eabi-9-2020-q2-update/bin/../lib/gcc/arm-none-eabi/9.3.1/../../../../arm-none-eabi/lib/thumb/v7e-m/nofp/libm.a(lib_a-s_sin.o)
 .debug_frame   0x00000000000023e0       0x30 /home/sidharth/gcc-arm-none-eabi-9-2020-q2-update/bin/../lib/gcc/arm-none-eabi/9.3.1/../../../../arm-none-eabi/lib/thumb/v7e-m/nofp/libm.a(lib_a-s_trunc.o)
 .debug_frame   0x0000000000002410       0x20 /home/sidharth/gcc-arm-none-eabi-9-2020-q2-update/bin/../lib/gcc/arm-none-eabi/9.3.1/../../../../arm-none-eabi/lib/thumb/v7e-m/nofp/libm.a(lib_a-w_atan2.o)
 .debug_frame   0x0000000000002430       0x34 /home/sidharth/gcc-arm-none-eabi-9-2020-q2-update/bin/../lib/gcc/arm-none-eabi/9.3.1/../../../../arm-none-eabi/lib/thumb/v7e-m/nofp/libm.a(lib_a-w_hypot.o)
 .debug_frame   0x0000000000002464       0x30 /home/sidharth/gcc-arm-none-eabi-9-2020-q2-update/bin/../lib/gcc/arm-none-eabi/9.3.1/../../../../arm-none-eabi/lib/thumb/v7e-m/nofp/libm.a(lib_a-w_sqrt.o)
 .debug_frame   0x0000000000002494       0x48 /home/sidharth/gcc-arm-none-eabi-9-2020-q2-update/bin/../lib/gcc/arm-none-eabi/9.3.1/../../../../arm-none-eabi/lib/thumb/v7e-m/nofp/libm.a(lib_a-e_atan2.o)
 .debug_frame   0x00000000000024dc       0x48 /home/sidharth/gcc-arm-none-eabi-9-2020-q2-update/bin/../lib/gcc/arm-none-eabi/9.3.1/../../../../arm-none-eabi/lib/thumb/v7e-m/nofp/libm.a(lib_a-e_hypot.o)
 .debug_frame   0x0000000000002524       0x4c /home/sidharth/gcc-arm-none-eabi-9-2020-q2-update/bin/../lib/gcc/arm-none-eabi/9.3.1/../../../../arm-none-eabi/lib/thumb/v7e-m/nofp/libm.a(lib_a-e_rem_pio2.o)
 .debug_frame   0x0000000000002570       0x30 /home/sidharth/gcc-arm-none-eabi-9-2020-q2-update/bin/../lib/gcc/arm-none-eabi/9.3.1/../../../../arm-none-eabi/lib/thumb/v7e-m/nofp/libm.a(lib_a-e_sqrt.o)
 .debug_frame   0x00000000000025a0       0x48 /home/sidharth/gcc-arm-none-eabi-9-2020-q2-update/bin/../lib/gcc/arm-none-eabi/9.3.1/../../../../arm-none-eabi/lib/thumb/v7e-m/nofp/libm.a(lib_a-k_cos.o)
 .debug_frame   0x00000000000025e8       0x58 /home/sidharth/gcc-arm-none-eabi-9-2020-q2-update/bin/../lib/gcc/arm-none-eabi/9.3.1/../../../../arm-none-eabi/lib/thumb/v7e-m/nofp/libm.a(lib_a-k_rem_pio2.o)
 .debug_frame   0x0000000000002640       0x48 /home/sidharth/gcc-arm-none-eabi-9-2020-q2-update/bin/../lib/gcc/arm-none-eabi/9.3.1/../../../../arm-none-eabi/lib/thumb/v7e-m/nofp/libm.a(lib_a-k_sin.o)
 .debug_frame   0x0000000000002688       0x54 /home/sidharth/gcc-arm-none-eabi-9-2020-q2-update/bin/../lib/gcc/arm-none-eabi/9.3.1/../../../../arm-none-eabi/lib/thumb/v7e-m/nofp/libm.a(lib_a-s_atan.o)
 .debug_frame   0x00000000000026dc       0x20 /home/sidharth/gcc-arm-none-eabi-9-2020-q2-update/bin/../lib/gcc/arm-none-eabi/9.3.1/../../../../arm-none-eabi/lib/thumb/v7e-m/nofp/libm.a(lib_a-s_fabs.o)
 .debug_frame   0x00000000000026fc       0x20 /home/sidharth/gcc-arm-none-eabi-9-2020-q2-update/bin/../lib/gcc/arm-none-eabi/9.3.1/../../../../arm-none-eabi/lib/thumb/v7e-m/nofp/libm.a(lib_a-s_finite.o)
 .debug_frame   0x000000000000271c       0x30 /home/sidharth/gcc-arm-none-eabi-9-2020-q2-update/bin/../lib/gcc/arm-none-eabi/9.3.1/../../../../arm-none-eabi/lib/thumb/v7e-m/nofp/libm.a(lib_a-s_scalbn.o)
 .debug_frame   0x000000000000274c       0xac /home/sidharth/gcc-arm-none-eabi-9-2020-q2-update/bin/../lib/gcc/arm-none-eabi/9.3.1/thumb/v7e-m/nofp/libgcc.a(_arm_addsubdf3.o)
 .debug_frame   0x00000000000027f8       0x50 /home/sidharth/gcc-arm-none-eabi-9-2020-q2-update/bin/../lib/gcc/arm-none-eabi/9.3.1/thumb/v7e-m/nofp/libgcc.a(_arm_muldivdf3.o)
 .debug_frame   0x0000000000002848       0xc4 /home/sidharth/gcc-arm-none-eabi-9-2020-q2-update/bin/../lib/gcc/arm-none-eabi/9.3.1/thumb/v7e-m/nofp/libgcc.a(_arm_cmpdf2.o)
 .debug_frame   0x000000000000290c       0x20 /home/sidharth/gcc-arm-none-eabi-9-2020-q2-update/bin/../lib/gcc/arm-none-eabi/9.3.1/thumb/v7e-m/nofp/libgcc.a(_arm_unorddf2.o)
 .debug_frame   0x000000000000292c       0x24 /home/sidharth/gcc-arm-none-eabi-9-2020-q2-update/bin/../lib/gcc/arm-none-eabi/9.3.1/thumb/v7e-m/nofp/libgcc.a(_arm_fixdfsi.o)
 .debug_frame   0x0000000000002950       0x24 /home/sidharth/gcc-arm-none-eabi-9-2020-q2-update/bin/../lib/gcc/arm-none-eabi/9.3.1/thumb/v7e-m/nofp/libgcc.a(_arm_fixunsdfsi.o)
 .debug_frame   0x0000000000002974       0x24 /home/sidharth/gcc-arm-none-eabi-9-2020-q2-update/bin/../lib/gcc/arm-none-eabi/9.3.1/thumb/v7e-m/nofp/libgcc.a(_arm_truncdfsf2.o)
 .debug_frame   0x0000000000002998       0x4c /home/sidharth/gcc-arm-none-eabi-9-2020-q2-update/bin/../lib/gcc/arm-none-eabi/9.3.1/thumb/v7e-m/nofp/libgcc.a(_arm_addsubsf3.o)
 .debug_frame   0x00000000000029e4       0x38 /home/sidharth/gcc-arm-none-eabi-9-2020-q2-update/bin/../lib/gcc/arm-none-eabi/9.3.1/thumb/v7e-m/nofp/libgcc.a(_arm_muldivsf3.o)
 .debug_frame   0x0000000000002a1c       0xc8 /home/sidharth/gcc-arm-none-eabi-9-2020-q2-update/bin/../lib/gcc/arm-none-eabi/9.3.1/thumb/v7e-m/nofp/libgcc.a(_arm_cmpsf2.o)
 .debug_frame   0x0000000000002ae4       0x24 /home/sidharth/gcc-arm-none-eabi-9-2020-q2-update/bin/../lib/gcc/arm-none-eabi/9.3.1/thumb/v7e-m/nofp/libgcc.a(_arm_fixsfsi.o)
 .debug_frame   0x0000000000002b08       0x20 /home/sidharth/gcc-arm-none-eabi-9-2020-q2-update/bin/../lib/gcc/arm-none-eabi/9.3.1/../../../../arm-none-eabi/lib/thumb/v7e-m/nofp/libg.a(lib_a-errno.o)
 .debug_frame   0x0000000000002b28       0x2c /home/sidharth/gcc-arm-none-eabi-9-2020-q2-update/bin/../lib/gcc/arm-none-eabi/9.3.1/../../../../arm-none-eabi/lib/thumb/v7e-m/nofp/libg.a(lib_a-init.o)
 .debug_frame   0x0000000000002b54       0x38 /home/sidharth/gcc-arm-none-eabi-9-2020-q2-update/bin/../lib/gcc/arm-none-eabi/9.3.1/../../../../arm-none-eabi/lib/thumb/v7e-m/nofp/libg.a(lib_a-memset.o)
 .debug_frame   0x0000000000002b8c       0x5c /home/sidharth/gcc-arm-none-eabi-9-2020-q2-update/bin/../lib/gcc/arm-none-eabi/9.3.1/../../../../arm-none-eabi/lib/thumb/v7e-m/nofp/libg.a(lib_a-__call_atexit.o)
 .debug_frame   0x0000000000002be8       0x20 /home/sidharth/gcc-arm-none-eabi-9-2020-q2-update/bin/../lib/gcc/arm-none-eabi/9.3.1/../../../../arm-none-eabi/lib/thumb/v7e-m/nofp/libg.a(lib_a-atexit.o)
 .debug_frame   0x0000000000002c08       0x34 /home/sidharth/gcc-arm-none-eabi-9-2020-q2-update/bin/../lib/gcc/arm-none-eabi/9.3.1/../../../../arm-none-eabi/lib/thumb/v7e-m/nofp/libg.a(lib_a-fini.o)
 .debug_frame   0x0000000000002c3c       0xb0 /home/sidharth/gcc-arm-none-eabi-9-2020-q2-update/bin/../lib/gcc/arm-none-eabi/9.3.1/../../../../arm-none-eabi/lib/thumb/v7e-m/nofp/libg.a(lib_a-lock.o)
 .debug_frame   0x0000000000002cec       0x34 /home/sidharth/gcc-arm-none-eabi-9-2020-q2-update/bin/../lib/gcc/arm-none-eabi/9.3.1/../../../../arm-none-eabi/lib/thumb/v7e-m/nofp/libg.a(lib_a-__atexit.o)

.debug_ranges   0x0000000000000000       0x20
 .debug_ranges  0x0000000000000000       0x20 ./board/start.o
